Archive member included because of file (symbol)

c:/siliconlabs/simplicitystudio/v4/developer/toolchains/gnu_arm/4.9_2015q3/bin/../lib/gcc/arm-none-eabi/4.9.3/../../../../arm-none-eabi/lib/armv7-m\libc_nano.a(lib_a-exit.o)
                              c:/siliconlabs/simplicitystudio/v4/developer/toolchains/gnu_arm/4.9_2015q3/bin/../lib/gcc/arm-none-eabi/4.9.3/../../../../arm-none-eabi/lib/armv7-m/crt0.o (exit)
c:/siliconlabs/simplicitystudio/v4/developer/toolchains/gnu_arm/4.9_2015q3/bin/../lib/gcc/arm-none-eabi/4.9.3/../../../../arm-none-eabi/lib/armv7-m\libc_nano.a(lib_a-impure.o)
                              c:/siliconlabs/simplicitystudio/v4/developer/toolchains/gnu_arm/4.9_2015q3/bin/../lib/gcc/arm-none-eabi/4.9.3/../../../../arm-none-eabi/lib/armv7-m\libc_nano.a(lib_a-exit.o) (_global_impure_ptr)
c:/siliconlabs/simplicitystudio/v4/developer/toolchains/gnu_arm/4.9_2015q3/bin/../lib/gcc/arm-none-eabi/4.9.3/../../../../arm-none-eabi/lib/armv7-m\libc_nano.a(lib_a-init.o)
                              c:/siliconlabs/simplicitystudio/v4/developer/toolchains/gnu_arm/4.9_2015q3/bin/../lib/gcc/arm-none-eabi/4.9.3/../../../../arm-none-eabi/lib/armv7-m/crt0.o (__libc_init_array)
c:/siliconlabs/simplicitystudio/v4/developer/toolchains/gnu_arm/4.9_2015q3/bin/../lib/gcc/arm-none-eabi/4.9.3/../../../../arm-none-eabi/lib/armv7-m\libc_nano.a(lib_a-memset.o)
                              c:/siliconlabs/simplicitystudio/v4/developer/toolchains/gnu_arm/4.9_2015q3/bin/../lib/gcc/arm-none-eabi/4.9.3/../../../../arm-none-eabi/lib/armv7-m/crt0.o (memset)
c:/siliconlabs/simplicitystudio/v4/developer/toolchains/gnu_arm/4.9_2015q3/bin/../lib/gcc/arm-none-eabi/4.9.3/../../../../arm-none-eabi/lib/armv7-m\libnosys.a(_exit.o)
                              c:/siliconlabs/simplicitystudio/v4/developer/toolchains/gnu_arm/4.9_2015q3/bin/../lib/gcc/arm-none-eabi/4.9.3/../../../../arm-none-eabi/lib/armv7-m\libc_nano.a(lib_a-exit.o) (_exit)

Allocating common symbols
Common symbol       size              file

SystemCoreClock     0x4               ./CMSIS/EFM32GG/system_efm32gg.o

Discarded input sections

 .text          0x00000000        0x0 c:/siliconlabs/simplicitystudio/v4/developer/toolchains/gnu_arm/4.9_2015q3/bin/../lib/gcc/arm-none-eabi/4.9.3/armv7-m/crti.o
 .data          0x00000000        0x0 c:/siliconlabs/simplicitystudio/v4/developer/toolchains/gnu_arm/4.9_2015q3/bin/../lib/gcc/arm-none-eabi/4.9.3/armv7-m/crti.o
 .bss           0x00000000        0x0 c:/siliconlabs/simplicitystudio/v4/developer/toolchains/gnu_arm/4.9_2015q3/bin/../lib/gcc/arm-none-eabi/4.9.3/armv7-m/crti.o
 .data          0x00000000        0x4 c:/siliconlabs/simplicitystudio/v4/developer/toolchains/gnu_arm/4.9_2015q3/bin/../lib/gcc/arm-none-eabi/4.9.3/armv7-m/crtbegin.o
 .data          0x00000000        0x0 c:/siliconlabs/simplicitystudio/v4/developer/toolchains/gnu_arm/4.9_2015q3/bin/../lib/gcc/arm-none-eabi/4.9.3/../../../../arm-none-eabi/lib/armv7-m/crt0.o
 .bss           0x00000000        0x0 c:/siliconlabs/simplicitystudio/v4/developer/toolchains/gnu_arm/4.9_2015q3/bin/../lib/gcc/arm-none-eabi/4.9.3/../../../../arm-none-eabi/lib/armv7-m/crt0.o
 .ARM.extab     0x00000000        0x0 c:/siliconlabs/simplicitystudio/v4/developer/toolchains/gnu_arm/4.9_2015q3/bin/../lib/gcc/arm-none-eabi/4.9.3/../../../../arm-none-eabi/lib/armv7-m/crt0.o
 .data          0x00000000        0x0 ./CMSIS/EFM32GG/startup_efm32gg.o
 .bss           0x00000000        0x0 ./CMSIS/EFM32GG/startup_efm32gg.o
 .text          0x00000000        0x0 ./CMSIS/EFM32GG/system_efm32gg.o
 .data          0x00000000        0x0 ./CMSIS/EFM32GG/system_efm32gg.o
 .bss           0x00000000        0x0 ./CMSIS/EFM32GG/system_efm32gg.o
 .text.SystemCoreClockGet
                0x00000000       0xdc ./CMSIS/EFM32GG/system_efm32gg.o
 .text.SystemMaxCoreClockGet
                0x00000000        0x8 ./CMSIS/EFM32GG/system_efm32gg.o
 .text.SystemHFClockGet
                0x00000000       0xd0 ./CMSIS/EFM32GG/system_efm32gg.o
 .text.SystemHFXOClockGet
                0x00000000        0xc ./CMSIS/EFM32GG/system_efm32gg.o
 .text.SystemHFXOClockSet
                0x00000000       0xe4 ./CMSIS/EFM32GG/system_efm32gg.o
 .text.SystemLFRCOClockGet
                0x00000000        0x8 ./CMSIS/EFM32GG/system_efm32gg.o
 .text.SystemULFRCOClockGet
                0x00000000        0x8 ./CMSIS/EFM32GG/system_efm32gg.o
 .text.SystemLFXOClockGet
                0x00000000        0xc ./CMSIS/EFM32GG/system_efm32gg.o
 .text.SystemLFXOClockSet
                0x00000000       0xe4 ./CMSIS/EFM32GG/system_efm32gg.o
 .data.SystemLFXOClock
                0x00000000        0x4 ./CMSIS/EFM32GG/system_efm32gg.o
 .data.SystemHFXOClock
                0x00000000        0x4 ./CMSIS/EFM32GG/system_efm32gg.o
 COMMON         0x00000000        0x4 ./CMSIS/EFM32GG/system_efm32gg.o
 .text          0x00000000        0x0 ./emlib/em_system.o
 .data          0x00000000        0x0 ./emlib/em_system.o
 .bss           0x00000000        0x0 ./emlib/em_system.o
 .text.SYSTEM_ChipRevisionGet
                0x00000000       0x34 ./emlib/em_system.o
 .text.SYSTEM_GetCalibrationValue
                0x00000000       0x28 ./emlib/em_system.o
 .debug_info    0x00000000      0x263 ./emlib/em_system.o
 .debug_abbrev  0x00000000       0xed ./emlib/em_system.o
 .debug_loc     0x00000000       0xa5 ./emlib/em_system.o
 .debug_aranges
                0x00000000       0x28 ./emlib/em_system.o
 .debug_ranges  0x00000000       0x18 ./emlib/em_system.o
 .debug_line    0x00000000      0x2e8 ./emlib/em_system.o
 .debug_str     0x00000000      0x2ac ./emlib/em_system.o
 .comment       0x00000000       0x71 ./emlib/em_system.o
 .debug_frame   0x00000000       0x30 ./emlib/em_system.o
 .ARM.attributes
                0x00000000       0x33 ./emlib/em_system.o
 .text          0x00000000        0x0 ./o3.o
 .data          0x00000000        0x0 ./o3.o
 .bss           0x00000000        0x0 ./o3.o
 .text.int_to_string
                0x00000000       0xb0 ./o3.o
 .text.time_to_string
                0x00000000      0x1f8 ./o3.o
 .text.GPIO_buttonSetup
                0x00000000       0x8c ./o3.o
 .text.GPIO_ledSetup
                0x00000000       0x34 ./o3.o
 .text.LED_enable
                0x00000000       0x14 ./o3.o
 .text.LED_disable
                0x00000000       0x14 ./o3.o
 .text.SYSTICK_setup
                0x00000000       0x14 ./o3.o
 .text.SYSTICK_toggleEnable
                0x00000000        0xc ./o3.o
 .text          0x00000000        0x0 ./src/empty_project.o
 .data          0x00000000        0x0 ./src/empty_project.o
 .bss           0x00000000        0x0 ./src/empty_project.o
 .text.startup.main
                0x00000000       0x38 ./src/empty_project.o
 .debug_info    0x00000000      0x19c ./src/empty_project.o
 .debug_abbrev  0x00000000      0x10d ./src/empty_project.o
 .debug_loc     0x00000000       0x2c ./src/empty_project.o
 .debug_aranges
                0x00000000       0x20 ./src/empty_project.o
 .debug_ranges  0x00000000       0x30 ./src/empty_project.o
 .debug_line    0x00000000      0x218 ./src/empty_project.o
 .debug_str     0x00000000      0x257 ./src/empty_project.o
 .comment       0x00000000       0x71 ./src/empty_project.o
 .debug_frame   0x00000000       0x28 ./src/empty_project.o
 .ARM.attributes
                0x00000000       0x33 ./src/empty_project.o
 .text          0x00000000        0x0 c:/siliconlabs/simplicitystudio/v4/developer/toolchains/gnu_arm/4.9_2015q3/bin/../lib/gcc/arm-none-eabi/4.9.3/../../../../arm-none-eabi/lib/armv7-m\libc_nano.a(lib_a-exit.o)
 .data          0x00000000        0x0 c:/siliconlabs/simplicitystudio/v4/developer/toolchains/gnu_arm/4.9_2015q3/bin/../lib/gcc/arm-none-eabi/4.9.3/../../../../arm-none-eabi/lib/armv7-m\libc_nano.a(lib_a-exit.o)
 .bss           0x00000000        0x0 c:/siliconlabs/simplicitystudio/v4/developer/toolchains/gnu_arm/4.9_2015q3/bin/../lib/gcc/arm-none-eabi/4.9.3/../../../../arm-none-eabi/lib/armv7-m\libc_nano.a(lib_a-exit.o)
 .text          0x00000000        0x0 c:/siliconlabs/simplicitystudio/v4/developer/toolchains/gnu_arm/4.9_2015q3/bin/../lib/gcc/arm-none-eabi/4.9.3/../../../../arm-none-eabi/lib/armv7-m\libc_nano.a(lib_a-impure.o)
 .data          0x00000000        0x0 c:/siliconlabs/simplicitystudio/v4/developer/toolchains/gnu_arm/4.9_2015q3/bin/../lib/gcc/arm-none-eabi/4.9.3/../../../../arm-none-eabi/lib/armv7-m\libc_nano.a(lib_a-impure.o)
 .bss           0x00000000        0x0 c:/siliconlabs/simplicitystudio/v4/developer/toolchains/gnu_arm/4.9_2015q3/bin/../lib/gcc/arm-none-eabi/4.9.3/../../../../arm-none-eabi/lib/armv7-m\libc_nano.a(lib_a-impure.o)
 .data._impure_ptr
                0x00000000        0x4 c:/siliconlabs/simplicitystudio/v4/developer/toolchains/gnu_arm/4.9_2015q3/bin/../lib/gcc/arm-none-eabi/4.9.3/../../../../arm-none-eabi/lib/armv7-m\libc_nano.a(lib_a-impure.o)
 .text          0x00000000        0x0 c:/siliconlabs/simplicitystudio/v4/developer/toolchains/gnu_arm/4.9_2015q3/bin/../lib/gcc/arm-none-eabi/4.9.3/../../../../arm-none-eabi/lib/armv7-m\libc_nano.a(lib_a-init.o)
 .data          0x00000000        0x0 c:/siliconlabs/simplicitystudio/v4/developer/toolchains/gnu_arm/4.9_2015q3/bin/../lib/gcc/arm-none-eabi/4.9.3/../../../../arm-none-eabi/lib/armv7-m\libc_nano.a(lib_a-init.o)
 .bss           0x00000000        0x0 c:/siliconlabs/simplicitystudio/v4/developer/toolchains/gnu_arm/4.9_2015q3/bin/../lib/gcc/arm-none-eabi/4.9.3/../../../../arm-none-eabi/lib/armv7-m\libc_nano.a(lib_a-init.o)
 .text          0x00000000        0x0 c:/siliconlabs/simplicitystudio/v4/developer/toolchains/gnu_arm/4.9_2015q3/bin/../lib/gcc/arm-none-eabi/4.9.3/../../../../arm-none-eabi/lib/armv7-m\libc_nano.a(lib_a-memset.o)
 .data          0x00000000        0x0 c:/siliconlabs/simplicitystudio/v4/developer/toolchains/gnu_arm/4.9_2015q3/bin/../lib/gcc/arm-none-eabi/4.9.3/../../../../arm-none-eabi/lib/armv7-m\libc_nano.a(lib_a-memset.o)
 .bss           0x00000000        0x0 c:/siliconlabs/simplicitystudio/v4/developer/toolchains/gnu_arm/4.9_2015q3/bin/../lib/gcc/arm-none-eabi/4.9.3/../../../../arm-none-eabi/lib/armv7-m\libc_nano.a(lib_a-memset.o)
 .text          0x00000000        0x0 c:/siliconlabs/simplicitystudio/v4/developer/toolchains/gnu_arm/4.9_2015q3/bin/../lib/gcc/arm-none-eabi/4.9.3/../../../../arm-none-eabi/lib/armv7-m\libnosys.a(_exit.o)
 .data          0x00000000        0x0 c:/siliconlabs/simplicitystudio/v4/developer/toolchains/gnu_arm/4.9_2015q3/bin/../lib/gcc/arm-none-eabi/4.9.3/../../../../arm-none-eabi/lib/armv7-m\libnosys.a(_exit.o)
 .bss           0x00000000        0x0 c:/siliconlabs/simplicitystudio/v4/developer/toolchains/gnu_arm/4.9_2015q3/bin/../lib/gcc/arm-none-eabi/4.9.3/../../../../arm-none-eabi/lib/armv7-m\libnosys.a(_exit.o)
 .text          0x00000000        0x0 c:/siliconlabs/simplicitystudio/v4/developer/toolchains/gnu_arm/4.9_2015q3/bin/../lib/gcc/arm-none-eabi/4.9.3/armv7-m/crtend.o
 .data          0x00000000        0x0 c:/siliconlabs/simplicitystudio/v4/developer/toolchains/gnu_arm/4.9_2015q3/bin/../lib/gcc/arm-none-eabi/4.9.3/armv7-m/crtend.o
 .bss           0x00000000        0x0 c:/siliconlabs/simplicitystudio/v4/developer/toolchains/gnu_arm/4.9_2015q3/bin/../lib/gcc/arm-none-eabi/4.9.3/armv7-m/crtend.o
 .text          0x00000000        0x0 c:/siliconlabs/simplicitystudio/v4/developer/toolchains/gnu_arm/4.9_2015q3/bin/../lib/gcc/arm-none-eabi/4.9.3/armv7-m/crtn.o
 .data          0x00000000        0x0 c:/siliconlabs/simplicitystudio/v4/developer/toolchains/gnu_arm/4.9_2015q3/bin/../lib/gcc/arm-none-eabi/4.9.3/armv7-m/crtn.o
 .bss           0x00000000        0x0 c:/siliconlabs/simplicitystudio/v4/developer/toolchains/gnu_arm/4.9_2015q3/bin/../lib/gcc/arm-none-eabi/4.9.3/armv7-m/crtn.o

Memory Configuration

Name             Origin             Length             Attributes
FLASH            0x00000000         0x00100000         xr
RAM              0x20000000         0x00020000         xrw
*default*        0x00000000         0xffffffff

Linker script and memory map

LOAD c:/siliconlabs/simplicitystudio/v4/developer/toolchains/gnu_arm/4.9_2015q3/bin/../lib/gcc/arm-none-eabi/4.9.3/armv7-m/crti.o
LOAD c:/siliconlabs/simplicitystudio/v4/developer/toolchains/gnu_arm/4.9_2015q3/bin/../lib/gcc/arm-none-eabi/4.9.3/armv7-m/crtbegin.o
LOAD c:/siliconlabs/simplicitystudio/v4/developer/toolchains/gnu_arm/4.9_2015q3/bin/../lib/gcc/arm-none-eabi/4.9.3/../../../../arm-none-eabi/lib/armv7-m/crt0.o
LOAD ./CMSIS/EFM32GG/startup_efm32gg.o
LOAD ./CMSIS/EFM32GG/system_efm32gg.o
LOAD ./emlib/em_system.o
LOAD ./o3.o
LOAD ./src/empty_project.o
START GROUP
LOAD c:/siliconlabs/simplicitystudio/v4/developer/toolchains/gnu_arm/4.9_2015q3/bin/../lib/gcc/arm-none-eabi/4.9.3/armv7-m\libgcc.a
LOAD c:/siliconlabs/simplicitystudio/v4/developer/toolchains/gnu_arm/4.9_2015q3/bin/../lib/gcc/arm-none-eabi/4.9.3/../../../../arm-none-eabi/lib/armv7-m\libc_nano.a
LOAD c:/siliconlabs/simplicitystudio/v4/developer/toolchains/gnu_arm/4.9_2015q3/bin/../lib/gcc/arm-none-eabi/4.9.3/../../../../arm-none-eabi/lib/armv7-m\libnosys.a
END GROUP
START GROUP
LOAD c:/siliconlabs/simplicitystudio/v4/developer/toolchains/gnu_arm/4.9_2015q3/bin/../lib/gcc/arm-none-eabi/4.9.3/armv7-m\libgcc.a
LOAD c:/siliconlabs/simplicitystudio/v4/developer/toolchains/gnu_arm/4.9_2015q3/bin/../lib/gcc/arm-none-eabi/4.9.3/../../../../arm-none-eabi/lib/armv7-m\libg_nano.a
LOAD c:/siliconlabs/simplicitystudio/v4/developer/toolchains/gnu_arm/4.9_2015q3/bin/../lib/gcc/arm-none-eabi/4.9.3/../../../../arm-none-eabi/lib/armv7-m\libc_nano.a
END GROUP
START GROUP
LOAD c:/siliconlabs/simplicitystudio/v4/developer/toolchains/gnu_arm/4.9_2015q3/bin/../lib/gcc/arm-none-eabi/4.9.3/armv7-m\libgcc.a
LOAD c:/siliconlabs/simplicitystudio/v4/developer/toolchains/gnu_arm/4.9_2015q3/bin/../lib/gcc/arm-none-eabi/4.9.3/../../../../arm-none-eabi/lib/armv7-m\libc_nano.a
END GROUP
LOAD c:/siliconlabs/simplicitystudio/v4/developer/toolchains/gnu_arm/4.9_2015q3/bin/../lib/gcc/arm-none-eabi/4.9.3/armv7-m/crtend.o
LOAD c:/siliconlabs/simplicitystudio/v4/developer/toolchains/gnu_arm/4.9_2015q3/bin/../lib/gcc/arm-none-eabi/4.9.3/armv7-m/crtn.o

.text           0x00000000      0x7e4
 *(.vectors)
 .vectors       0x00000000       0xdc ./CMSIS/EFM32GG/startup_efm32gg.o
                0x00000000                __Vectors
                0x000000dc                __Vectors_End = .
                0x000000dc                __Vectors_Size = (__Vectors_End - __Vectors)
                0x000000dc                __end__ = .
 *(.text*)
 .text          0x000000dc       0x5c c:/siliconlabs/simplicitystudio/v4/developer/toolchains/gnu_arm/4.9_2015q3/bin/../lib/gcc/arm-none-eabi/4.9.3/armv7-m/crtbegin.o
 .text          0x00000138       0x74 c:/siliconlabs/simplicitystudio/v4/developer/toolchains/gnu_arm/4.9_2015q3/bin/../lib/gcc/arm-none-eabi/4.9.3/../../../../arm-none-eabi/lib/armv7-m/crt0.o
                0x00000138                _start
                0x00000138                _mainCRTStartup
 .text          0x000001ac       0x30 ./CMSIS/EFM32GG/startup_efm32gg.o
                0x000001ac                Reset_Handler
                0x000001d8                DebugMon_Handler
                0x000001d8                USART0_TX_IRQHandler
                0x000001d8                I2C0_IRQHandler
                0x000001d8                HardFault_Handler
                0x000001d8                LEUART1_IRQHandler
                0x000001d8                USART1_RX_IRQHandler
                0x000001d8                PendSV_Handler
                0x000001d8                NMI_Handler
                0x000001d8                I2C1_IRQHandler
                0x000001d8                TIMER3_IRQHandler
                0x000001d8                USART1_TX_IRQHandler
                0x000001d8                MSC_IRQHandler
                0x000001d8                ADC0_IRQHandler
                0x000001d8                UsageFault_Handler
                0x000001d8                LEUART0_IRQHandler
                0x000001d8                UART0_TX_IRQHandler
                0x000001d8                UART1_TX_IRQHandler
                0x000001d8                RTC_IRQHandler
                0x000001d8                TIMER0_IRQHandler
                0x000001d8                TIMER2_IRQHandler
                0x000001d8                LCD_IRQHandler
                0x000001d8                PCNT2_IRQHandler
                0x000001d8                UART0_RX_IRQHandler
                0x000001d8                LETIMER0_IRQHandler
                0x000001d8                TIMER1_IRQHandler
                0x000001d8                USART2_RX_IRQHandler
                0x000001d8                Default_Handler
                0x000001d8                EMU_IRQHandler
                0x000001d8                PCNT0_IRQHandler
                0x000001d8                USB_IRQHandler
                0x000001d8                BURTC_IRQHandler
                0x000001d8                PCNT1_IRQHandler
                0x000001d8                ACMP0_IRQHandler
                0x000001d8                USART0_RX_IRQHandler
                0x000001d8                MemManage_Handler
                0x000001d8                SVC_Handler
                0x000001d8                DAC0_IRQHandler
                0x000001d8                UART1_RX_IRQHandler
                0x000001d8                CMU_IRQHandler
                0x000001d8                EBI_IRQHandler
                0x000001d8                LESENSE_IRQHandler
                0x000001d8                AES_IRQHandler
                0x000001d8                VCMP_IRQHandler
                0x000001d8                DMA_IRQHandler
                0x000001d8                BusFault_Handler
                0x000001d8                USART2_TX_IRQHandler
 .text.SystemInit
                0x000001dc        0x4 ./CMSIS/EFM32GG/system_efm32gg.o
                0x000001dc                SystemInit
 .text.GPIO_setup
                0x000001e0       0xb0 ./o3.o
                0x000001e0                GPIO_setup
 .text.GPIO_EVEN_IRQHandler
                0x00000290       0x50 ./o3.o
                0x00000290                GPIO_EVEN_IRQHandler
 .text.GPIO_ODD_IRQHandler
                0x000002e0       0x80 ./o3.o
                0x000002e0                GPIO_ODD_IRQHandler
 .text.SysTick_Handler
                0x00000360       0x64 ./o3.o
                0x00000360                SysTick_Handler
 .text.startup.main
                0x000003c4      0x374 ./o3.o
                0x000003c4                main
 .text.exit     0x00000738       0x28 c:/siliconlabs/simplicitystudio/v4/developer/toolchains/gnu_arm/4.9_2015q3/bin/../lib/gcc/arm-none-eabi/4.9.3/../../../../arm-none-eabi/lib/armv7-m\libc_nano.a(lib_a-exit.o)
                0x00000738                exit
 .text.__libc_init_array
                0x00000760       0x4c c:/siliconlabs/simplicitystudio/v4/developer/toolchains/gnu_arm/4.9_2015q3/bin/../lib/gcc/arm-none-eabi/4.9.3/../../../../arm-none-eabi/lib/armv7-m\libc_nano.a(lib_a-init.o)
                0x00000760                __libc_init_array
 .text.memset   0x000007ac       0x10 c:/siliconlabs/simplicitystudio/v4/developer/toolchains/gnu_arm/4.9_2015q3/bin/../lib/gcc/arm-none-eabi/4.9.3/../../../../arm-none-eabi/lib/armv7-m\libc_nano.a(lib_a-memset.o)
                0x000007ac                memset
 .text._exit    0x000007bc        0x4 c:/siliconlabs/simplicitystudio/v4/developer/toolchains/gnu_arm/4.9_2015q3/bin/../lib/gcc/arm-none-eabi/4.9.3/../../../../arm-none-eabi/lib/armv7-m\libnosys.a(_exit.o)
                0x000007bc                _exit
 *(.init)
 .init          0x000007c0        0x4 c:/siliconlabs/simplicitystudio/v4/developer/toolchains/gnu_arm/4.9_2015q3/bin/../lib/gcc/arm-none-eabi/4.9.3/armv7-m/crti.o
                0x000007c0                _init
 .init          0x000007c4        0x8 c:/siliconlabs/simplicitystudio/v4/developer/toolchains/gnu_arm/4.9_2015q3/bin/../lib/gcc/arm-none-eabi/4.9.3/armv7-m/crtn.o
 *(.fini)
 .fini          0x000007cc        0x4 c:/siliconlabs/simplicitystudio/v4/developer/toolchains/gnu_arm/4.9_2015q3/bin/../lib/gcc/arm-none-eabi/4.9.3/armv7-m/crti.o
                0x000007cc                _fini
 .fini          0x000007d0        0x8 c:/siliconlabs/simplicitystudio/v4/developer/toolchains/gnu_arm/4.9_2015q3/bin/../lib/gcc/arm-none-eabi/4.9.3/armv7-m/crtn.o
 *crtbegin.o(.ctors)
 *crtbegin?.o(.ctors)
 *(EXCLUDE_FILE(*crtend.o *crtend?.o) .ctors)
 *(SORT(.ctors.*))
 *(.ctors)
 *crtbegin.o(.dtors)
 *crtbegin?.o(.dtors)
 *(EXCLUDE_FILE(*crtend.o *crtend?.o) .dtors)
 *(SORT(.dtors.*))
 *(.dtors)
 *(.rodata*)
 .rodata.str1.1
                0x000007d8        0x2 c:/siliconlabs/simplicitystudio/v4/developer/toolchains/gnu_arm/4.9_2015q3/bin/../lib/gcc/arm-none-eabi/4.9.3/../../../../arm-none-eabi/lib/armv7-m\libc_nano.a(lib_a-impure.o)
 *fill*         0x000007da        0x2 
 .rodata._global_impure_ptr
                0x000007dc        0x4 c:/siliconlabs/simplicitystudio/v4/developer/toolchains/gnu_arm/4.9_2015q3/bin/../lib/gcc/arm-none-eabi/4.9.3/../../../../arm-none-eabi/lib/armv7-m\libc_nano.a(lib_a-impure.o)
                0x000007dc                _global_impure_ptr
 *(.eh_frame*)
 .eh_frame      0x000007e0        0x0 c:/siliconlabs/simplicitystudio/v4/developer/toolchains/gnu_arm/4.9_2015q3/bin/../lib/gcc/arm-none-eabi/4.9.3/armv7-m/crtbegin.o
 .eh_frame      0x000007e0        0x4 c:/siliconlabs/simplicitystudio/v4/developer/toolchains/gnu_arm/4.9_2015q3/bin/../lib/gcc/arm-none-eabi/4.9.3/armv7-m/crtend.o

.glue_7         0x000007e4        0x0
 .glue_7        0x00000000        0x0 linker stubs

.glue_7t        0x000007e4        0x0
 .glue_7t       0x00000000        0x0 linker stubs

.vfp11_veneer   0x000007e4        0x0
 .vfp11_veneer  0x00000000        0x0 linker stubs

.v4_bx          0x000007e4        0x0
 .v4_bx         0x00000000        0x0 linker stubs

.iplt           0x000007e4        0x0
 .iplt          0x00000000        0x0 c:/siliconlabs/simplicitystudio/v4/developer/toolchains/gnu_arm/4.9_2015q3/bin/../lib/gcc/arm-none-eabi/4.9.3/armv7-m/crtbegin.o

.ARM.extab
 *(.ARM.extab* .gnu.linkonce.armextab.*)
                0x000007e4                __exidx_start = .

.ARM.exidx      0x000007e4        0x8
 *(.ARM.exidx* .gnu.linkonce.armexidx.*)
 .ARM.exidx     0x000007e4        0x8 c:/siliconlabs/simplicitystudio/v4/developer/toolchains/gnu_arm/4.9_2015q3/bin/../lib/gcc/arm-none-eabi/4.9.3/../../../../arm-none-eabi/lib/armv7-m/crt0.o
                0x000007ec                __exidx_end = .
                0x000007ec                __etext = .

.rel.dyn        0x000007ec        0x0
 .rel.iplt      0x00000000        0x0 c:/siliconlabs/simplicitystudio/v4/developer/toolchains/gnu_arm/4.9_2015q3/bin/../lib/gcc/arm-none-eabi/4.9.3/armv7-m/crtbegin.o

.data           0x20000000       0x6c load address 0x000007ec
                0x20000000                __data_start__ = .
 *(vtable)
 *(.data*)
 .data.impure_data
                0x20000000       0x60 c:/siliconlabs/simplicitystudio/v4/developer/toolchains/gnu_arm/4.9_2015q3/bin/../lib/gcc/arm-none-eabi/4.9.3/../../../../arm-none-eabi/lib/armv7-m\libc_nano.a(lib_a-impure.o)
                0x20000060                . = ALIGN (0x4)
 *(.ram)
                0x20000060                . = ALIGN (0x4)
                0x20000060                PROVIDE (__preinit_array_start, .)
 *(.preinit_array)
                0x20000060                PROVIDE (__preinit_array_end, .)
                0x20000060                . = ALIGN (0x4)
                0x20000060                PROVIDE (__init_array_start, .)
 *(SORT(.init_array.*))
 *(.init_array)
 .init_array    0x20000060        0x4 c:/siliconlabs/simplicitystudio/v4/developer/toolchains/gnu_arm/4.9_2015q3/bin/../lib/gcc/arm-none-eabi/4.9.3/armv7-m/crtbegin.o
                0x20000064                PROVIDE (__init_array_end, .)
                0x20000064                . = ALIGN (0x4)
                0x20000064                PROVIDE (__fini_array_start, .)
 *(SORT(.fini_array.*))
 *(.fini_array)
 .fini_array    0x20000064        0x4 c:/siliconlabs/simplicitystudio/v4/developer/toolchains/gnu_arm/4.9_2015q3/bin/../lib/gcc/arm-none-eabi/4.9.3/armv7-m/crtbegin.o
                0x20000068                PROVIDE (__fini_array_end, .)
 *(.jcr*)
 .jcr           0x20000068        0x0 c:/siliconlabs/simplicitystudio/v4/developer/toolchains/gnu_arm/4.9_2015q3/bin/../lib/gcc/arm-none-eabi/4.9.3/armv7-m/crtbegin.o
 .jcr           0x20000068        0x4 c:/siliconlabs/simplicitystudio/v4/developer/toolchains/gnu_arm/4.9_2015q3/bin/../lib/gcc/arm-none-eabi/4.9.3/armv7-m/crtend.o
                0x2000006c                . = ALIGN (0x4)
                0x2000006c                __data_end__ = .

.igot.plt       0x2000006c        0x0 load address 0x00000858
 .igot.plt      0x00000000        0x0 c:/siliconlabs/simplicitystudio/v4/developer/toolchains/gnu_arm/4.9_2015q3/bin/../lib/gcc/arm-none-eabi/4.9.3/armv7-m/crtbegin.o

.bss            0x2000006c       0x2c load address 0x00000858
                0x2000006c                . = ALIGN (0x4)
                0x2000006c                __bss_start__ = .
 *(.bss*)
 .bss           0x2000006c       0x1c c:/siliconlabs/simplicitystudio/v4/developer/toolchains/gnu_arm/4.9_2015q3/bin/../lib/gcc/arm-none-eabi/4.9.3/armv7-m/crtbegin.o
 .bss.hours     0x20000088        0x4 ./o3.o
                0x20000088                hours
 .bss.seconds   0x2000008c        0x4 ./o3.o
                0x2000008c                seconds
 .bss.minutes   0x20000090        0x4 ./o3.o
                0x20000090                minutes
 .bss.currentState
                0x20000094        0x1 ./o3.o
                0x20000094                currentState
 *(COMMON)
                0x20000098                . = ALIGN (0x4)
 *fill*         0x20000095        0x3 
                0x20000098                __bss_end__ = .

.heap           0x20000098      0xc00
                0x20000098                __HeapBase = .
                0x20000098                __end__ = .
                0x20000098                end = __end__
                0x20000098                _end = __end__
 *(.heap*)
 .heap          0x20000098      0xc00 ./CMSIS/EFM32GG/startup_efm32gg.o
                0x20000c98                __HeapLimit = .

.stack_dummy    0x20000098      0x400
 *(.stack*)
 .stack         0x20000098      0x400 ./CMSIS/EFM32GG/startup_efm32gg.o
                0x20020000                __StackTop = (ORIGIN (RAM) + 0x20000)
                0x2001fc00                __StackLimit = (__StackTop - SIZEOF (.stack_dummy))
                0x20020000                PROVIDE (__stack, __StackTop)
                0x00000001                ASSERT ((__StackLimit >= __HeapLimit), region RAM overflowed with stack)
                0x00000001                ASSERT ((0x100000 >= (__etext + SIZEOF (.data))), FLASH memory overflowed !)
OUTPUT(o3.axf elf32-littlearm)

.ARM.attributes
                0x00000000       0x29
 .ARM.attributes
                0x00000000       0x1d c:/siliconlabs/simplicitystudio/v4/developer/toolchains/gnu_arm/4.9_2015q3/bin/../lib/gcc/arm-none-eabi/4.9.3/armv7-m/crti.o
 .ARM.attributes
                0x0000001d       0x2d c:/siliconlabs/simplicitystudio/v4/developer/toolchains/gnu_arm/4.9_2015q3/bin/../lib/gcc/arm-none-eabi/4.9.3/armv7-m/crtbegin.o
 .ARM.attributes
                0x0000004a       0x1b c:/siliconlabs/simplicitystudio/v4/developer/toolchains/gnu_arm/4.9_2015q3/bin/../lib/gcc/arm-none-eabi/4.9.3/../../../../arm-none-eabi/lib/armv7-m/crt0.o
 .ARM.attributes
                0x00000065       0x1b ./CMSIS/EFM32GG/startup_efm32gg.o
 .ARM.attributes
                0x00000080       0x33 ./CMSIS/EFM32GG/system_efm32gg.o
 .ARM.attributes
                0x000000b3       0x33 ./o3.o
 .ARM.attributes
                0x000000e6       0x2d c:/siliconlabs/simplicitystudio/v4/developer/toolchains/gnu_arm/4.9_2015q3/bin/../lib/gcc/arm-none-eabi/4.9.3/../../../../arm-none-eabi/lib/armv7-m\libc_nano.a(lib_a-exit.o)
 .ARM.attributes
                0x00000113       0x2d c:/siliconlabs/simplicitystudio/v4/developer/toolchains/gnu_arm/4.9_2015q3/bin/../lib/gcc/arm-none-eabi/4.9.3/../../../../arm-none-eabi/lib/armv7-m\libc_nano.a(lib_a-impure.o)
 .ARM.attributes
                0x00000140       0x2d c:/siliconlabs/simplicitystudio/v4/developer/toolchains/gnu_arm/4.9_2015q3/bin/../lib/gcc/arm-none-eabi/4.9.3/../../../../arm-none-eabi/lib/armv7-m\libc_nano.a(lib_a-init.o)
 .ARM.attributes
                0x0000016d       0x2d c:/siliconlabs/simplicitystudio/v4/developer/toolchains/gnu_arm/4.9_2015q3/bin/../lib/gcc/arm-none-eabi/4.9.3/../../../../arm-none-eabi/lib/armv7-m\libc_nano.a(lib_a-memset.o)
 .ARM.attributes
                0x0000019a       0x2d c:/siliconlabs/simplicitystudio/v4/developer/toolchains/gnu_arm/4.9_2015q3/bin/../lib/gcc/arm-none-eabi/4.9.3/../../../../arm-none-eabi/lib/armv7-m\libnosys.a(_exit.o)
 .ARM.attributes
                0x000001c7       0x2d c:/siliconlabs/simplicitystudio/v4/developer/toolchains/gnu_arm/4.9_2015q3/bin/../lib/gcc/arm-none-eabi/4.9.3/armv7-m/crtend.o
 .ARM.attributes
                0x000001f4       0x1d c:/siliconlabs/simplicitystudio/v4/developer/toolchains/gnu_arm/4.9_2015q3/bin/../lib/gcc/arm-none-eabi/4.9.3/armv7-m/crtn.o

.comment        0x00000000       0x70
 .comment       0x00000000       0x70 ./CMSIS/EFM32GG/system_efm32gg.o
                                 0x71 (size before relaxing)
 .comment       0x00000000       0x71 ./o3.o

.debug_line     0x00000000      0x91d
 .debug_line    0x00000000       0xc2 ./CMSIS/EFM32GG/startup_efm32gg.o
 .debug_line    0x000000c2      0x451 ./CMSIS/EFM32GG/system_efm32gg.o
 .debug_line    0x00000513      0x40a ./o3.o

.debug_info     0x00000000     0x1311
 .debug_info    0x00000000       0xfe ./CMSIS/EFM32GG/startup_efm32gg.o
 .debug_info    0x000000fe      0x6a9 ./CMSIS/EFM32GG/system_efm32gg.o
 .debug_info    0x000007a7      0xb6a ./o3.o

.debug_abbrev   0x00000000      0x47b
 .debug_abbrev  0x00000000       0x14 ./CMSIS/EFM32GG/startup_efm32gg.o
 .debug_abbrev  0x00000014      0x1b3 ./CMSIS/EFM32GG/system_efm32gg.o
 .debug_abbrev  0x000001c7      0x2b4 ./o3.o

.debug_aranges  0x00000000      0x108
 .debug_aranges
                0x00000000       0x20 ./CMSIS/EFM32GG/startup_efm32gg.o
 .debug_aranges
                0x00000020       0x68 ./CMSIS/EFM32GG/system_efm32gg.o
 .debug_aranges
                0x00000088       0x80 ./o3.o

.debug_loc      0x00000000     0x1ede
 .debug_loc     0x00000000      0x36a ./CMSIS/EFM32GG/system_efm32gg.o
 .debug_loc     0x0000036a     0x1b74 ./o3.o

.debug_ranges   0x00000000      0x3e8
 .debug_ranges  0x00000000      0x190 ./CMSIS/EFM32GG/system_efm32gg.o
 .debug_ranges  0x00000190      0x258 ./o3.o

.debug_str      0x00000000      0x6e5
 .debug_str     0x00000000      0x429 ./CMSIS/EFM32GG/system_efm32gg.o
                                0x499 (size before relaxing)
 .debug_str     0x00000429      0x2bc ./o3.o
                                0x424 (size before relaxing)

.debug_frame    0x00000000      0x290
 .debug_frame   0x00000000       0xb0 ./CMSIS/EFM32GG/system_efm32gg.o
 .debug_frame   0x000000b0      0x14c ./o3.o
 .debug_frame   0x000001fc       0x28 c:/siliconlabs/simplicitystudio/v4/developer/toolchains/gnu_arm/4.9_2015q3/bin/../lib/gcc/arm-none-eabi/4.9.3/../../../../arm-none-eabi/lib/armv7-m\libc_nano.a(lib_a-exit.o)
 .debug_frame   0x00000224       0x2c c:/siliconlabs/simplicitystudio/v4/developer/toolchains/gnu_arm/4.9_2015q3/bin/../lib/gcc/arm-none-eabi/4.9.3/../../../../arm-none-eabi/lib/armv7-m\libc_nano.a(lib_a-init.o)
 .debug_frame   0x00000250       0x20 c:/siliconlabs/simplicitystudio/v4/developer/toolchains/gnu_arm/4.9_2015q3/bin/../lib/gcc/arm-none-eabi/4.9.3/../../../../arm-none-eabi/lib/armv7-m\libc_nano.a(lib_a-memset.o)
 .debug_frame   0x00000270       0x20 c:/siliconlabs/simplicitystudio/v4/developer/toolchains/gnu_arm/4.9_2015q3/bin/../lib/gcc/arm-none-eabi/4.9.3/../../../../arm-none-eabi/lib/armv7-m\libnosys.a(_exit.o)
