Archive member included because of file (symbol)

c:/siliconlabs/simplicitystudio/v4/developer/toolchains/gnu_arm/4.9_2015q3/bin/../lib/gcc/arm-none-eabi/4.9.3/armv7-m\libgcc.a(_arm_addsubsf3.o)
                              build/vddcheck.o (__aeabi_fsub)
c:/siliconlabs/simplicitystudio/v4/developer/toolchains/gnu_arm/4.9_2015q3/bin/../lib/gcc/arm-none-eabi/4.9.3/armv7-m\libgcc.a(_arm_muldivsf3.o)
                              build/vddcheck.o (__aeabi_fdiv)
c:/siliconlabs/simplicitystudio/v4/developer/toolchains/gnu_arm/4.9_2015q3/bin/../lib/gcc/arm-none-eabi/4.9.3/armv7-m\libgcc.a(_arm_fixunssfsi.o)
                              build/vddcheck.o (__aeabi_f2uiz)
c:/siliconlabs/simplicitystudio/v4/developer/toolchains/gnu_arm/4.9_2015q3/bin/../lib/gcc/arm-none-eabi/4.9.3/armv7-m\libgcc.a(_aeabi_uldivmod.o)
                              build/em_usart.o (__aeabi_uldivmod)
c:/siliconlabs/simplicitystudio/v4/developer/toolchains/gnu_arm/4.9_2015q3/bin/../lib/gcc/arm-none-eabi/4.9.3/armv7-m\libgcc.a(bpabi.o)
                              c:/siliconlabs/simplicitystudio/v4/developer/toolchains/gnu_arm/4.9_2015q3/bin/../lib/gcc/arm-none-eabi/4.9.3/armv7-m\libgcc.a(_aeabi_uldivmod.o) (__gnu_uldivmod_helper)
c:/siliconlabs/simplicitystudio/v4/developer/toolchains/gnu_arm/4.9_2015q3/bin/../lib/gcc/arm-none-eabi/4.9.3/armv7-m\libgcc.a(_dvmd_tls.o)
                              c:/siliconlabs/simplicitystudio/v4/developer/toolchains/gnu_arm/4.9_2015q3/bin/../lib/gcc/arm-none-eabi/4.9.3/armv7-m\libgcc.a(_aeabi_uldivmod.o) (__aeabi_ldiv0)
c:/siliconlabs/simplicitystudio/v4/developer/toolchains/gnu_arm/4.9_2015q3/bin/../lib/gcc/arm-none-eabi/4.9.3/armv7-m\libgcc.a(_divdi3.o)
                              c:/siliconlabs/simplicitystudio/v4/developer/toolchains/gnu_arm/4.9_2015q3/bin/../lib/gcc/arm-none-eabi/4.9.3/armv7-m\libgcc.a(bpabi.o) (__divdi3)
c:/siliconlabs/simplicitystudio/v4/developer/toolchains/gnu_arm/4.9_2015q3/bin/../lib/gcc/arm-none-eabi/4.9.3/armv7-m\libgcc.a(_udivdi3.o)
                              c:/siliconlabs/simplicitystudio/v4/developer/toolchains/gnu_arm/4.9_2015q3/bin/../lib/gcc/arm-none-eabi/4.9.3/armv7-m\libgcc.a(bpabi.o) (__udivdi3)
c:/siliconlabs/simplicitystudio/v4/developer/toolchains/gnu_arm/4.9_2015q3/bin/../lib/gcc/arm-none-eabi/4.9.3/../../../../arm-none-eabi/lib/armv7-m\libc_nano.a(lib_a-exit.o)
                              c:/siliconlabs/simplicitystudio/v4/developer/toolchains/gnu_arm/4.9_2015q3/bin/../lib/gcc/arm-none-eabi/4.9.3/../../../../arm-none-eabi/lib/armv7-m/crt0.o (exit)
c:/siliconlabs/simplicitystudio/v4/developer/toolchains/gnu_arm/4.9_2015q3/bin/../lib/gcc/arm-none-eabi/4.9.3/../../../../arm-none-eabi/lib/armv7-m\libc_nano.a(lib_a-impure.o)
                              c:/siliconlabs/simplicitystudio/v4/developer/toolchains/gnu_arm/4.9_2015q3/bin/../lib/gcc/arm-none-eabi/4.9.3/../../../../arm-none-eabi/lib/armv7-m\libc_nano.a(lib_a-exit.o) (_global_impure_ptr)
c:/siliconlabs/simplicitystudio/v4/developer/toolchains/gnu_arm/4.9_2015q3/bin/../lib/gcc/arm-none-eabi/4.9.3/../../../../arm-none-eabi/lib/armv7-m\libc_nano.a(lib_a-init.o)
                              c:/siliconlabs/simplicitystudio/v4/developer/toolchains/gnu_arm/4.9_2015q3/bin/../lib/gcc/arm-none-eabi/4.9.3/../../../../arm-none-eabi/lib/armv7-m/crt0.o (__libc_init_array)
c:/siliconlabs/simplicitystudio/v4/developer/toolchains/gnu_arm/4.9_2015q3/bin/../lib/gcc/arm-none-eabi/4.9.3/../../../../arm-none-eabi/lib/armv7-m\libc_nano.a(lib_a-memcpy.o)
                              build/bsp_stk.o (memcpy)
c:/siliconlabs/simplicitystudio/v4/developer/toolchains/gnu_arm/4.9_2015q3/bin/../lib/gcc/arm-none-eabi/4.9.3/../../../../arm-none-eabi/lib/armv7-m\libc_nano.a(lib_a-memset.o)
                              c:/siliconlabs/simplicitystudio/v4/developer/toolchains/gnu_arm/4.9_2015q3/bin/../lib/gcc/arm-none-eabi/4.9.3/../../../../arm-none-eabi/lib/armv7-m/crt0.o (memset)
c:/siliconlabs/simplicitystudio/v4/developer/toolchains/gnu_arm/4.9_2015q3/bin/../lib/gcc/arm-none-eabi/4.9.3/../../../../arm-none-eabi/lib/armv7-m\libc_nano.a(lib_a-strlen.o)
                              build/segmentlcd.o (strlen)
c:/siliconlabs/simplicitystudio/v4/developer/toolchains/gnu_arm/4.9_2015q3/bin/../lib/gcc/arm-none-eabi/4.9.3/../../../../arm-none-eabi/lib/armv7-m\libnosys.a(_exit.o)
                              c:/siliconlabs/simplicitystudio/v4/developer/toolchains/gnu_arm/4.9_2015q3/bin/../lib/gcc/arm-none-eabi/4.9.3/../../../../arm-none-eabi/lib/armv7-m\libc_nano.a(lib_a-exit.o) (_exit)

Allocating common symbols
Common symbol       size              file

SystemCoreClock     0x4               build/system_efm32gg.o

Discarded input sections

 .text          0x00000000        0x0 c:/siliconlabs/simplicitystudio/v4/developer/toolchains/gnu_arm/4.9_2015q3/bin/../lib/gcc/arm-none-eabi/4.9.3/armv7-m/crti.o
 .data          0x00000000        0x0 c:/siliconlabs/simplicitystudio/v4/developer/toolchains/gnu_arm/4.9_2015q3/bin/../lib/gcc/arm-none-eabi/4.9.3/armv7-m/crti.o
 .bss           0x00000000        0x0 c:/siliconlabs/simplicitystudio/v4/developer/toolchains/gnu_arm/4.9_2015q3/bin/../lib/gcc/arm-none-eabi/4.9.3/armv7-m/crti.o
 .data          0x00000000        0x4 c:/siliconlabs/simplicitystudio/v4/developer/toolchains/gnu_arm/4.9_2015q3/bin/../lib/gcc/arm-none-eabi/4.9.3/armv7-m/crtbegin.o
 .data          0x00000000        0x0 c:/siliconlabs/simplicitystudio/v4/developer/toolchains/gnu_arm/4.9_2015q3/bin/../lib/gcc/arm-none-eabi/4.9.3/../../../../arm-none-eabi/lib/armv7-m/crt0.o
 .bss           0x00000000        0x0 c:/siliconlabs/simplicitystudio/v4/developer/toolchains/gnu_arm/4.9_2015q3/bin/../lib/gcc/arm-none-eabi/4.9.3/../../../../arm-none-eabi/lib/armv7-m/crt0.o
 .ARM.extab     0x00000000        0x0 c:/siliconlabs/simplicitystudio/v4/developer/toolchains/gnu_arm/4.9_2015q3/bin/../lib/gcc/arm-none-eabi/4.9.3/../../../../arm-none-eabi/lib/armv7-m/crt0.o
 .text          0x00000000        0x0 build/system_efm32gg.o
 .data          0x00000000        0x0 build/system_efm32gg.o
 .bss           0x00000000        0x0 build/system_efm32gg.o
 .text.SystemMaxCoreClockGet
                0x00000000        0xc build/system_efm32gg.o
 .text.SystemHFXOClockGet
                0x00000000        0xc build/system_efm32gg.o
 .text.SystemHFXOClockSet
                0x00000000       0x2c build/system_efm32gg.o
 .text.SystemLFXOClockSet
                0x00000000       0x2c build/system_efm32gg.o
 .text          0x00000000        0x0 build/vddcheck.o
 .data          0x00000000        0x0 build/vddcheck.o
 .bss           0x00000000        0x0 build/vddcheck.o
 .text.VCMP_Disable
                0x00000000       0x14 build/vddcheck.o
 .text.VCMP_VoltageToLevel
                0x00000000       0x34 build/vddcheck.o
 .text.VCMP_VDDHigher
                0x00000000       0x18 build/vddcheck.o
 .text.VCMP_Ready
                0x00000000       0x18 build/vddcheck.o
 .text.VDDCHECK_Init
                0x00000000       0x1c build/vddcheck.o
 .text.VDDCHECK_Disable
                0x00000000       0x14 build/vddcheck.o
 .rodata        0x00000000       0x1c build/vddcheck.o
 .text.VDDCHECK_LowVoltage
                0x00000000       0x68 build/vddcheck.o
 .comment       0x00000000       0x39 build/vddcheck.o
 .ARM.attributes
                0x00000000       0x33 build/vddcheck.o
 .text          0x00000000        0x0 build/segmentlcd.o
 .data          0x00000000        0x0 build/segmentlcd.o
 .bss           0x00000000        0x0 build/segmentlcd.o
 .text.LCD_Enable
                0x00000000       0x34 build/segmentlcd.o
 .text.LCD_FreezeEnable
                0x00000000       0x28 build/segmentlcd.o
 .text.LCD_SyncBusyDelay
                0x00000000       0x1c build/segmentlcd.o
 .text.LCD_IntDisable
                0x00000000       0x1c build/segmentlcd.o
 .rodata.EFM_Display
                0x00000000      0x200 build/segmentlcd.o
 .rodata.EFM_Alphabet
                0x00000000       0xb8 build/segmentlcd.o
 .rodata.EFM_Numbers
                0x00000000       0x24 build/segmentlcd.o
 .rodata.Blocks
                0x00000000        0x8 build/segmentlcd.o
 .rodata.signIndex
                0x00000000        0x2 build/segmentlcd.o
 .rodata.lcdInit
                0x00000000       0x14 build/segmentlcd.o
 .text.SegmentLCD_AllOff
                0x00000000       0xa8 build/segmentlcd.o
 .text.SegmentLCD_AllOn
                0x00000000       0xc8 build/segmentlcd.o
 .text.SegmentLCD_AlphaNumberOff
                0x00000000       0xa8 build/segmentlcd.o
 .text.SegmentLCD_ARing
                0x00000000       0x54 build/segmentlcd.o
 .text.SegmentLCD_Battery
                0x00000000       0x74 build/segmentlcd.o
 .text.SegmentLCD_Block
                0x00000000       0x30 build/segmentlcd.o
 .text.SegmentLCD_Disable
                0x00000000       0x28 build/segmentlcd.o
 .text.SegmentLCD_EnergyMode
                0x00000000       0x50 build/segmentlcd.o
 .text.SegmentLCD_Init
                0x00000000       0xb8 build/segmentlcd.o
 .text.SegmentLCD_LowerHex
                0x00000000       0x8c build/segmentlcd.o
 .rodata        0x00000000        0x8 build/segmentlcd.o
 .text.SegmentLCD_LowerNumber
                0x00000000       0xbc build/segmentlcd.o
 .text.SegmentLCD_Number
                0x00000000      0x130 build/segmentlcd.o
 .text.SegmentLCD_NumberOff
                0x00000000       0x4c build/segmentlcd.o
 .text.SegmentLCD_Symbol
                0x00000000      0x134 build/segmentlcd.o
 .text.SegmentLCD_UnsignedHex
                0x00000000       0xd4 build/segmentlcd.o
 .text.SegmentLCD_Write
                0x00000000       0xd8 build/segmentlcd.o
 .text.displayBlock
                0x00000000      0x11c build/segmentlcd.o
 .comment       0x00000000       0x39 build/segmentlcd.o
 .ARM.attributes
                0x00000000       0x33 build/segmentlcd.o
 .text          0x00000000        0x0 build/em_assert.o
 .data          0x00000000        0x0 build/em_assert.o
 .bss           0x00000000        0x0 build/em_assert.o
 .text          0x00000000        0x0 build/em_cmu.o
 .data          0x00000000        0x0 build/em_cmu.o
 .bss           0x00000000        0x0 build/em_cmu.o
 .text.BUS_RegMaskedWrite
                0x00000000       0x20 build/em_cmu.o
 .text.CMU_Log2ToDiv
                0x00000000       0x14 build/em_cmu.o
 .text.flashWaitStateControl
                0x00000000       0xbc build/em_cmu.o
 .text.flashWaitStateMax
                0x00000000       0x10 build/em_cmu.o
 .text.CMU_AUXHFRCOBandGet
                0x00000000       0x14 build/em_cmu.o
 .text.CMU_AUXHFRCOBandSet
                0x00000000       0xbc build/em_cmu.o
 .text.CMU_Calibrate
                0x00000000       0xac build/em_cmu.o
 .text.CMU_CalibrateConfig
                0x00000000      0x104 build/em_cmu.o
 .text.CMU_CalibrateCountGet
                0x00000000       0x34 build/em_cmu.o
 .text.CMU_ClockDivGet
                0x00000000      0x190 build/em_cmu.o
 .text.CMU_ClockDivSet
                0x00000000      0x2c8 build/em_cmu.o
 .text.CMU_ClockSelectSet
                0x00000000      0x308 build/em_cmu.o
 .text.CMU_FreezeEnable
                0x00000000       0x30 build/em_cmu.o
 .text.CMU_HFRCOBandGet
                0x00000000       0x14 build/em_cmu.o
 .text.CMU_HFRCOBandSet
                0x00000000       0xf8 build/em_cmu.o
 .text.CMU_HFRCOStartupDelayGet
                0x00000000       0x14 build/em_cmu.o
 .text.CMU_HFRCOStartupDelaySet
                0x00000000       0x40 build/em_cmu.o
 .text.CMU_HFXOInit
                0x00000000       0x68 build/em_cmu.o
 .text.CMU_LCDClkFDIVGet
                0x00000000       0x10 build/em_cmu.o
 .text.CMU_LCDClkFDIVSet
                0x00000000       0x4c build/em_cmu.o
 .text.CMU_LFXOInit
                0x00000000       0x94 build/em_cmu.o
 .text.CMU_OscillatorEnable
                0x00000000       0xd4 build/em_cmu.o
 .text.CMU_OscillatorTuningGet
                0x00000000       0x5c build/em_cmu.o
 .text.CMU_OscillatorTuningSet
                0x00000000       0xb0 build/em_cmu.o
 .text.CMU_PCNTClockExternalGet
                0x00000000       0x54 build/em_cmu.o
 .text.CMU_PCNTClockExternalSet
                0x00000000       0x4c build/em_cmu.o
 .text          0x00000000        0x0 build/em_emu.o
 .data          0x00000000        0x0 build/em_emu.o
 .bss           0x00000000        0x0 build/em_emu.o
 .text.SystemCoreClockUpdate
                0x00000000        0x8 build/em_emu.o
 .text.BUS_RegBitWrite
                0x00000000       0x24 build/em_emu.o
 .text.EMU_BUPinEnable
                0x00000000       0x24 build/em_emu.o
 .text.EMU_Unlock
                0x00000000       0x10 build/em_emu.o
 .text.CMU_Lock
                0x00000000       0x10 build/em_emu.o
 .text.CMU_Unlock
                0x00000000       0x10 build/em_emu.o
 .bss.cmuStatus
                0x00000000        0x4 build/em_emu.o
 .text.emuRestore
                0x00000000       0xec build/em_emu.o
 .text.getErrataFixEmuE107En
                0x00000000       0x68 build/em_emu.o
 .text.EMU_EnterEM2
                0x00000000       0xa4 build/em_emu.o
 .text.EMU_EnterEM3
                0x00000000       0xc4 build/em_emu.o
 .text.EMU_EnterEM4
                0x00000000       0x50 build/em_emu.o
 .rodata        0x00000000       0x20 build/em_emu.o
 .text.EMU_MemPwrDown
                0x00000000       0x2c build/em_emu.o
 .text.EMU_UpdateOscConfig
                0x00000000       0x14 build/em_emu.o
 .text.EMU_EM23Init
                0x00000000       0x2c build/em_emu.o
 .text.EMU_EM4Init
                0x00000000       0x48 build/em_emu.o
 .text.EMU_BUPDInit
                0x00000000       0xd4 build/em_emu.o
 .text.EMU_BUThresholdSet
                0x00000000       0x6c build/em_emu.o
 .text.EMU_BUThresRangeSet
                0x00000000       0x70 build/em_emu.o
 .comment       0x00000000       0x39 build/em_emu.o
 .ARM.attributes
                0x00000000       0x33 build/em_emu.o
 .text          0x00000000        0x0 build/em_gpio.o
 .data          0x00000000        0x0 build/em_gpio.o
 .bss           0x00000000        0x0 build/em_gpio.o
 .text.BUS_RegBitWrite
                0x00000000       0x24 build/em_gpio.o
 .text.BUS_RegMaskedWrite
                0x00000000       0x20 build/em_gpio.o
 .text.GPIO_EM4SetPinRetention
                0x00000000       0x3c build/em_gpio.o
 .text.GPIO_DbgLocationSet
                0x00000000       0x38 build/em_gpio.o
 .text.GPIO_DriveModeSet
                0x00000000       0x8c build/em_gpio.o
 .text.GPIO_ExtIntConfig
                0x00000000      0x124 build/em_gpio.o
 .text.GPIO_PinModeGet
                0x00000000       0xdc build/em_gpio.o
 .text.GPIO_EM4EnablePinWakeup
                0x00000000       0x84 build/em_gpio.o
 .text          0x00000000        0x0 build/em_rtc.o
 .data          0x00000000        0x0 build/em_rtc.o
 .bss           0x00000000        0x0 build/em_rtc.o
 .text.BUS_RegBitWrite
                0x00000000       0x24 build/em_rtc.o
 .rodata        0x00000000       0x20 build/em_rtc.o
 .text.RTC_CompareGet
                0x00000000       0x48 build/em_rtc.o
 .text.RTC_CompareSet
                0x00000000       0x50 build/em_rtc.o
 .text.RTC_Enable
                0x00000000       0x24 build/em_rtc.o
 .text.RTC_FreezeEnable
                0x00000000       0x28 build/em_rtc.o
 .text.RTC_Init
                0x00000000       0x44 build/em_rtc.o
 .text.RTC_Reset
                0x00000000       0x2c build/em_rtc.o
 .text.RTC_CounterReset
                0x00000000       0x10 build/em_rtc.o
 .comment       0x00000000       0x39 build/em_rtc.o
 .ARM.attributes
                0x00000000       0x33 build/em_rtc.o
 .text          0x00000000        0x0 build/em_system.o
 .data          0x00000000        0x0 build/em_system.o
 .bss           0x00000000        0x0 build/em_system.o
 .text.SYSTEM_GetCalibrationValue
                0x00000000       0x58 build/em_system.o
 .text          0x00000000        0x0 build/em_lcd.o
 .data          0x00000000        0x0 build/em_lcd.o
 .bss           0x00000000        0x0 build/em_lcd.o
 .text.LCD_Enable
                0x00000000       0x34 build/em_lcd.o
 .text.LCD_AnimEnable
                0x00000000       0x34 build/em_lcd.o
 .text.LCD_FrameCountEnable
                0x00000000       0x34 build/em_lcd.o
 .text.BUS_RegBitWrite
                0x00000000       0x24 build/em_lcd.o
 .rodata        0x00000000       0x20 build/em_lcd.o
 .text.LCD_Init
                0x00000000       0x88 build/em_lcd.o
 .text.LCD_VLCDSelect
                0x00000000       0x3c build/em_lcd.o
 .text.LCD_UpdateCtrl
                0x00000000       0x24 build/em_lcd.o
 .text.LCD_FrameCountInit
                0x00000000       0x68 build/em_lcd.o
 .text.LCD_AnimInit
                0x00000000       0x98 build/em_lcd.o
 .text.LCD_SegmentRangeEnable
                0x00000000       0x40 build/em_lcd.o
 .text.LCD_SegmentSet
                0x00000000      0x234 build/em_lcd.o
 .text.LCD_SegmentSetLow
                0x00000000      0x194 build/em_lcd.o
 .text.LCD_SegmentSetHigh
                0x00000000      0x188 build/em_lcd.o
 .text.LCD_ContrastSet
                0x00000000       0x38 build/em_lcd.o
 .text.LCD_VBoostSet
                0x00000000       0x1c build/em_lcd.o
 .text.LCD_BiasSegmentSet
                0x00000000      0x118 build/em_lcd.o
 .text.LCD_BiasComSet
                0x00000000       0x50 build/em_lcd.o
 .comment       0x00000000       0x39 build/em_lcd.o
 .ARM.attributes
                0x00000000       0x33 build/em_lcd.o
 .text          0x00000000        0x0 build/em_vcmp.o
 .data          0x00000000        0x0 build/em_vcmp.o
 .bss           0x00000000        0x0 build/em_vcmp.o
 .text.VCMP_Ready
                0x00000000       0x18 build/em_vcmp.o
 .text.VCMP_IntClear
                0x00000000       0x10 build/em_vcmp.o
 .rodata        0x00000000       0x20 build/em_vcmp.o
 .text.VCMP_Init
                0x00000000      0x1b4 build/em_vcmp.o
 .text.VCMP_LowPowerRefSet
                0x00000000       0x38 build/em_vcmp.o
 .text.VCMP_TriggerSet
                0x00000000       0x38 build/em_vcmp.o
 .comment       0x00000000       0x39 build/em_vcmp.o
 .ARM.attributes
                0x00000000       0x33 build/em_vcmp.o
 .text          0x00000000        0x0 build/em_usart.o
 .data          0x00000000        0x0 build/em_usart.o
 .bss           0x00000000        0x0 build/em_usart.o
 .text.BUS_RegMaskedWrite
                0x00000000       0x20 build/em_usart.o
 .rodata        0x00000000       0x20 build/em_usart.o
 .text.USART_BaudrateAsyncSet
                0x00000000      0x134 build/em_usart.o
 .text.USART_BaudrateCalc
                0x00000000      0x140 build/em_usart.o
 .text.USART_BaudrateGet
                0x00000000       0x58 build/em_usart.o
 .text.USART_BaudrateSyncSet
                0x00000000       0x9c build/em_usart.o
 .text.USART_Enable
                0x00000000       0x7c build/em_usart.o
 .text.USART_InitAsync
                0x00000000       0xbc build/em_usart.o
 .text.USART_InitSync
                0x00000000       0xd8 build/em_usart.o
 .text.USARTn_InitIrDA
                0x00000000       0x88 build/em_usart.o
 .text.USART_InitI2s
                0x00000000       0xa4 build/em_usart.o
 .text.USART_InitPrsTrigger
                0x00000000       0x58 build/em_usart.o
 .text.USART_Reset
                0x00000000       0xb8 build/em_usart.o
 .text.USART_Rx
                0x00000000       0x20 build/em_usart.o
 .text.USART_RxDouble
                0x00000000       0x20 build/em_usart.o
 .text.USART_RxDoubleExt
                0x00000000       0x1c build/em_usart.o
 .text.USART_RxExt
                0x00000000       0x20 build/em_usart.o
 .text.USART_SpiTransfer
                0x00000000       0x3c build/em_usart.o
 .text.USART_Tx
                0x00000000       0x24 build/em_usart.o
 .text.USART_TxDouble
                0x00000000       0x24 build/em_usart.o
 .text.USART_TxDoubleExt
                0x00000000       0x20 build/em_usart.o
 .text.USART_TxExt
                0x00000000       0x24 build/em_usart.o
 .comment       0x00000000       0x39 build/em_usart.o
 .ARM.attributes
                0x00000000       0x33 build/em_usart.o
 .text          0x00000000        0x0 build/bsp_stk.o
 .data          0x00000000        0x0 build/bsp_stk.o
 .bss           0x00000000        0x0 build/bsp_stk.o
 .text.BSP_Disable
                0x00000000       0x10 build/bsp_stk.o
 .rodata        0x00000000       0x50 build/bsp_stk.o
 .text.BSP_EbiInit
                0x00000000      0x118 build/bsp_stk.o
 .text.BSP_EbiDeInit
                0x00000000        0x8 build/bsp_stk.o
 .text.BSP_Init
                0x00000000       0x20 build/bsp_stk.o
 .text.BSP_CurrentGet
                0x00000000       0x44 build/bsp_stk.o
 .text.BSP_VoltageGet
                0x00000000       0x44 build/bsp_stk.o
 .comment       0x00000000       0x39 build/bsp_stk.o
 .ARM.attributes
                0x00000000       0x33 build/bsp_stk.o
 .text          0x00000000        0x0 build/bsp_stk_leds.o
 .data          0x00000000        0x0 build/bsp_stk_leds.o
 .bss           0x00000000        0x0 build/bsp_stk_leds.o
 .text.BUS_RegBitRead
                0x00000000       0x20 build/bsp_stk_leds.o
 .rodata        0x00000000       0x20 build/bsp_stk_leds.o
 .text.GPIO_PinOutClear
                0x00000000       0xa4 build/bsp_stk_leds.o
 .text.GPIO_PinOutGet
                0x00000000       0xa4 build/bsp_stk_leds.o
 .text.GPIO_PinOutSet
                0x00000000       0xa4 build/bsp_stk_leds.o
 .text.GPIO_PinOutToggle
                0x00000000       0xa4 build/bsp_stk_leds.o
 .rodata.ledArray
                0x00000000       0x10 build/bsp_stk_leds.o
 .text.BSP_LedsInit
                0x00000000       0x5c build/bsp_stk_leds.o
 .text.BSP_LedsGet
                0x00000000       0x5c build/bsp_stk_leds.o
 .text.BSP_LedsSet
                0x00000000       0x70 build/bsp_stk_leds.o
 .text.BSP_LedClear
                0x00000000       0x40 build/bsp_stk_leds.o
 .text.BSP_LedGet
                0x00000000       0x44 build/bsp_stk_leds.o
 .text.BSP_LedSet
                0x00000000       0x40 build/bsp_stk_leds.o
 .text.BSP_LedToggle
                0x00000000       0x40 build/bsp_stk_leds.o
 .comment       0x00000000       0x39 build/bsp_stk_leds.o
 .ARM.attributes
                0x00000000       0x33 build/bsp_stk_leds.o
 .text          0x00000000        0x0 build/bsp_trace.o
 .data          0x00000000        0x0 build/bsp_trace.o
 .bss           0x00000000        0x0 build/bsp_trace.o
 .text.BSP_TraceSwoSetup
                0x00000000      0x110 build/bsp_trace.o
 .text.BSP_TraceProfilerSetup
                0x00000000       0x24 build/bsp_trace.o
 .comment       0x00000000       0x39 build/bsp_trace.o
 .ARM.attributes
                0x00000000       0x33 build/bsp_trace.o
 .text          0x00000000        0x0 build/init.o
 .data          0x00000000        0x0 build/init.o
 .bss           0x00000000        0x0 build/init.o
 .data          0x00000000        0x0 build/startup_efm32gg.o
 .bss           0x00000000        0x0 build/startup_efm32gg.o
 .data          0x00000000        0x0 build/o1.o
 .bss           0x00000000        0x0 build/o1.o
 .text          0x00000000        0x0 build/gpio_constants.o
 .data          0x00000000        0x0 build/gpio_constants.o
 .bss           0x00000000        0x0 build/gpio_constants.o
 .ARM.attributes
                0x00000000       0x21 build/gpio_constants.o
 .text          0x00000000        0x0 build/sys-tick_constants.o
 .data          0x00000000        0x0 build/sys-tick_constants.o
 .bss           0x00000000        0x0 build/sys-tick_constants.o
 .ARM.attributes
                0x00000000       0x21 build/sys-tick_constants.o
 .text          0x00000000      0x21c c:/siliconlabs/simplicitystudio/v4/developer/toolchains/gnu_arm/4.9_2015q3/bin/../lib/gcc/arm-none-eabi/4.9.3/armv7-m\libgcc.a(_arm_addsubsf3.o)
 .data          0x00000000        0x0 c:/siliconlabs/simplicitystudio/v4/developer/toolchains/gnu_arm/4.9_2015q3/bin/../lib/gcc/arm-none-eabi/4.9.3/armv7-m\libgcc.a(_arm_addsubsf3.o)
 .bss           0x00000000        0x0 c:/siliconlabs/simplicitystudio/v4/developer/toolchains/gnu_arm/4.9_2015q3/bin/../lib/gcc/arm-none-eabi/4.9.3/armv7-m\libgcc.a(_arm_addsubsf3.o)
 .ARM.attributes
                0x00000000       0x1d c:/siliconlabs/simplicitystudio/v4/developer/toolchains/gnu_arm/4.9_2015q3/bin/../lib/gcc/arm-none-eabi/4.9.3/armv7-m\libgcc.a(_arm_addsubsf3.o)
 .text          0x00000000      0x2a0 c:/siliconlabs/simplicitystudio/v4/developer/toolchains/gnu_arm/4.9_2015q3/bin/../lib/gcc/arm-none-eabi/4.9.3/armv7-m\libgcc.a(_arm_muldivsf3.o)
 .data          0x00000000        0x0 c:/siliconlabs/simplicitystudio/v4/developer/toolchains/gnu_arm/4.9_2015q3/bin/../lib/gcc/arm-none-eabi/4.9.3/armv7-m\libgcc.a(_arm_muldivsf3.o)
 .bss           0x00000000        0x0 c:/siliconlabs/simplicitystudio/v4/developer/toolchains/gnu_arm/4.9_2015q3/bin/../lib/gcc/arm-none-eabi/4.9.3/armv7-m\libgcc.a(_arm_muldivsf3.o)
 .ARM.attributes
                0x00000000       0x1d c:/siliconlabs/simplicitystudio/v4/developer/toolchains/gnu_arm/4.9_2015q3/bin/../lib/gcc/arm-none-eabi/4.9.3/armv7-m\libgcc.a(_arm_muldivsf3.o)
 .text          0x00000000       0x40 c:/siliconlabs/simplicitystudio/v4/developer/toolchains/gnu_arm/4.9_2015q3/bin/../lib/gcc/arm-none-eabi/4.9.3/armv7-m\libgcc.a(_arm_fixunssfsi.o)
 .data          0x00000000        0x0 c:/siliconlabs/simplicitystudio/v4/developer/toolchains/gnu_arm/4.9_2015q3/bin/../lib/gcc/arm-none-eabi/4.9.3/armv7-m\libgcc.a(_arm_fixunssfsi.o)
 .bss           0x00000000        0x0 c:/siliconlabs/simplicitystudio/v4/developer/toolchains/gnu_arm/4.9_2015q3/bin/../lib/gcc/arm-none-eabi/4.9.3/armv7-m\libgcc.a(_arm_fixunssfsi.o)
 .ARM.attributes
                0x00000000       0x1d c:/siliconlabs/simplicitystudio/v4/developer/toolchains/gnu_arm/4.9_2015q3/bin/../lib/gcc/arm-none-eabi/4.9.3/armv7-m\libgcc.a(_arm_fixunssfsi.o)
 .text          0x00000000       0x30 c:/siliconlabs/simplicitystudio/v4/developer/toolchains/gnu_arm/4.9_2015q3/bin/../lib/gcc/arm-none-eabi/4.9.3/armv7-m\libgcc.a(_aeabi_uldivmod.o)
 .data          0x00000000        0x0 c:/siliconlabs/simplicitystudio/v4/developer/toolchains/gnu_arm/4.9_2015q3/bin/../lib/gcc/arm-none-eabi/4.9.3/armv7-m\libgcc.a(_aeabi_uldivmod.o)
 .bss           0x00000000        0x0 c:/siliconlabs/simplicitystudio/v4/developer/toolchains/gnu_arm/4.9_2015q3/bin/../lib/gcc/arm-none-eabi/4.9.3/armv7-m\libgcc.a(_aeabi_uldivmod.o)
 .debug_frame   0x00000000       0x28 c:/siliconlabs/simplicitystudio/v4/developer/toolchains/gnu_arm/4.9_2015q3/bin/../lib/gcc/arm-none-eabi/4.9.3/armv7-m\libgcc.a(_aeabi_uldivmod.o)
 .ARM.attributes
                0x00000000       0x1d c:/siliconlabs/simplicitystudio/v4/developer/toolchains/gnu_arm/4.9_2015q3/bin/../lib/gcc/arm-none-eabi/4.9.3/armv7-m\libgcc.a(_aeabi_uldivmod.o)
 .text          0x00000000       0x60 c:/siliconlabs/simplicitystudio/v4/developer/toolchains/gnu_arm/4.9_2015q3/bin/../lib/gcc/arm-none-eabi/4.9.3/armv7-m\libgcc.a(bpabi.o)
 .data          0x00000000        0x0 c:/siliconlabs/simplicitystudio/v4/developer/toolchains/gnu_arm/4.9_2015q3/bin/../lib/gcc/arm-none-eabi/4.9.3/armv7-m\libgcc.a(bpabi.o)
 .bss           0x00000000        0x0 c:/siliconlabs/simplicitystudio/v4/developer/toolchains/gnu_arm/4.9_2015q3/bin/../lib/gcc/arm-none-eabi/4.9.3/armv7-m\libgcc.a(bpabi.o)
 .debug_frame   0x00000000       0x54 c:/siliconlabs/simplicitystudio/v4/developer/toolchains/gnu_arm/4.9_2015q3/bin/../lib/gcc/arm-none-eabi/4.9.3/armv7-m\libgcc.a(bpabi.o)
 .ARM.attributes
                0x00000000       0x2d c:/siliconlabs/simplicitystudio/v4/developer/toolchains/gnu_arm/4.9_2015q3/bin/../lib/gcc/arm-none-eabi/4.9.3/armv7-m\libgcc.a(bpabi.o)
 .text          0x00000000        0x4 c:/siliconlabs/simplicitystudio/v4/developer/toolchains/gnu_arm/4.9_2015q3/bin/../lib/gcc/arm-none-eabi/4.9.3/armv7-m\libgcc.a(_dvmd_tls.o)
 .data          0x00000000        0x0 c:/siliconlabs/simplicitystudio/v4/developer/toolchains/gnu_arm/4.9_2015q3/bin/../lib/gcc/arm-none-eabi/4.9.3/armv7-m\libgcc.a(_dvmd_tls.o)
 .bss           0x00000000        0x0 c:/siliconlabs/simplicitystudio/v4/developer/toolchains/gnu_arm/4.9_2015q3/bin/../lib/gcc/arm-none-eabi/4.9.3/armv7-m\libgcc.a(_dvmd_tls.o)
 .ARM.attributes
                0x00000000       0x1d c:/siliconlabs/simplicitystudio/v4/developer/toolchains/gnu_arm/4.9_2015q3/bin/../lib/gcc/arm-none-eabi/4.9.3/armv7-m\libgcc.a(_dvmd_tls.o)
 .text          0x00000000      0x2ac c:/siliconlabs/simplicitystudio/v4/developer/toolchains/gnu_arm/4.9_2015q3/bin/../lib/gcc/arm-none-eabi/4.9.3/armv7-m\libgcc.a(_divdi3.o)
 .data          0x00000000        0x0 c:/siliconlabs/simplicitystudio/v4/developer/toolchains/gnu_arm/4.9_2015q3/bin/../lib/gcc/arm-none-eabi/4.9.3/armv7-m\libgcc.a(_divdi3.o)
 .bss           0x00000000        0x0 c:/siliconlabs/simplicitystudio/v4/developer/toolchains/gnu_arm/4.9_2015q3/bin/../lib/gcc/arm-none-eabi/4.9.3/armv7-m\libgcc.a(_divdi3.o)
 .ARM.extab     0x00000000        0x0 c:/siliconlabs/simplicitystudio/v4/developer/toolchains/gnu_arm/4.9_2015q3/bin/../lib/gcc/arm-none-eabi/4.9.3/armv7-m\libgcc.a(_divdi3.o)
 .ARM.exidx     0x00000000        0x8 c:/siliconlabs/simplicitystudio/v4/developer/toolchains/gnu_arm/4.9_2015q3/bin/../lib/gcc/arm-none-eabi/4.9.3/armv7-m\libgcc.a(_divdi3.o)
 .debug_frame   0x00000000       0x34 c:/siliconlabs/simplicitystudio/v4/developer/toolchains/gnu_arm/4.9_2015q3/bin/../lib/gcc/arm-none-eabi/4.9.3/armv7-m\libgcc.a(_divdi3.o)
 .ARM.attributes
                0x00000000       0x2d c:/siliconlabs/simplicitystudio/v4/developer/toolchains/gnu_arm/4.9_2015q3/bin/../lib/gcc/arm-none-eabi/4.9.3/armv7-m\libgcc.a(_divdi3.o)
 .text          0x00000000      0x270 c:/siliconlabs/simplicitystudio/v4/developer/toolchains/gnu_arm/4.9_2015q3/bin/../lib/gcc/arm-none-eabi/4.9.3/armv7-m\libgcc.a(_udivdi3.o)
 .data          0x00000000        0x0 c:/siliconlabs/simplicitystudio/v4/developer/toolchains/gnu_arm/4.9_2015q3/bin/../lib/gcc/arm-none-eabi/4.9.3/armv7-m\libgcc.a(_udivdi3.o)
 .bss           0x00000000        0x0 c:/siliconlabs/simplicitystudio/v4/developer/toolchains/gnu_arm/4.9_2015q3/bin/../lib/gcc/arm-none-eabi/4.9.3/armv7-m\libgcc.a(_udivdi3.o)
 .ARM.extab     0x00000000        0x0 c:/siliconlabs/simplicitystudio/v4/developer/toolchains/gnu_arm/4.9_2015q3/bin/../lib/gcc/arm-none-eabi/4.9.3/armv7-m\libgcc.a(_udivdi3.o)
 .ARM.exidx     0x00000000        0x8 c:/siliconlabs/simplicitystudio/v4/developer/toolchains/gnu_arm/4.9_2015q3/bin/../lib/gcc/arm-none-eabi/4.9.3/armv7-m\libgcc.a(_udivdi3.o)
 .debug_frame   0x00000000       0x34 c:/siliconlabs/simplicitystudio/v4/developer/toolchains/gnu_arm/4.9_2015q3/bin/../lib/gcc/arm-none-eabi/4.9.3/armv7-m\libgcc.a(_udivdi3.o)
 .ARM.attributes
                0x00000000       0x2d c:/siliconlabs/simplicitystudio/v4/developer/toolchains/gnu_arm/4.9_2015q3/bin/../lib/gcc/arm-none-eabi/4.9.3/armv7-m\libgcc.a(_udivdi3.o)
 .text          0x00000000        0x0 c:/siliconlabs/simplicitystudio/v4/developer/toolchains/gnu_arm/4.9_2015q3/bin/../lib/gcc/arm-none-eabi/4.9.3/../../../../arm-none-eabi/lib/armv7-m\libc_nano.a(lib_a-exit.o)
 .data          0x00000000        0x0 c:/siliconlabs/simplicitystudio/v4/developer/toolchains/gnu_arm/4.9_2015q3/bin/../lib/gcc/arm-none-eabi/4.9.3/../../../../arm-none-eabi/lib/armv7-m\libc_nano.a(lib_a-exit.o)
 .bss           0x00000000        0x0 c:/siliconlabs/simplicitystudio/v4/developer/toolchains/gnu_arm/4.9_2015q3/bin/../lib/gcc/arm-none-eabi/4.9.3/../../../../arm-none-eabi/lib/armv7-m\libc_nano.a(lib_a-exit.o)
 .text          0x00000000        0x0 c:/siliconlabs/simplicitystudio/v4/developer/toolchains/gnu_arm/4.9_2015q3/bin/../lib/gcc/arm-none-eabi/4.9.3/../../../../arm-none-eabi/lib/armv7-m\libc_nano.a(lib_a-impure.o)
 .data          0x00000000        0x0 c:/siliconlabs/simplicitystudio/v4/developer/toolchains/gnu_arm/4.9_2015q3/bin/../lib/gcc/arm-none-eabi/4.9.3/../../../../arm-none-eabi/lib/armv7-m\libc_nano.a(lib_a-impure.o)
 .bss           0x00000000        0x0 c:/siliconlabs/simplicitystudio/v4/developer/toolchains/gnu_arm/4.9_2015q3/bin/../lib/gcc/arm-none-eabi/4.9.3/../../../../arm-none-eabi/lib/armv7-m\libc_nano.a(lib_a-impure.o)
 .data._impure_ptr
                0x00000000        0x4 c:/siliconlabs/simplicitystudio/v4/developer/toolchains/gnu_arm/4.9_2015q3/bin/../lib/gcc/arm-none-eabi/4.9.3/../../../../arm-none-eabi/lib/armv7-m\libc_nano.a(lib_a-impure.o)
 .text          0x00000000        0x0 c:/siliconlabs/simplicitystudio/v4/developer/toolchains/gnu_arm/4.9_2015q3/bin/../lib/gcc/arm-none-eabi/4.9.3/../../../../arm-none-eabi/lib/armv7-m\libc_nano.a(lib_a-init.o)
 .data          0x00000000        0x0 c:/siliconlabs/simplicitystudio/v4/developer/toolchains/gnu_arm/4.9_2015q3/bin/../lib/gcc/arm-none-eabi/4.9.3/../../../../arm-none-eabi/lib/armv7-m\libc_nano.a(lib_a-init.o)
 .bss           0x00000000        0x0 c:/siliconlabs/simplicitystudio/v4/developer/toolchains/gnu_arm/4.9_2015q3/bin/../lib/gcc/arm-none-eabi/4.9.3/../../../../arm-none-eabi/lib/armv7-m\libc_nano.a(lib_a-init.o)
 .text          0x00000000        0x0 c:/siliconlabs/simplicitystudio/v4/developer/toolchains/gnu_arm/4.9_2015q3/bin/../lib/gcc/arm-none-eabi/4.9.3/../../../../arm-none-eabi/lib/armv7-m\libc_nano.a(lib_a-memcpy.o)
 .data          0x00000000        0x0 c:/siliconlabs/simplicitystudio/v4/developer/toolchains/gnu_arm/4.9_2015q3/bin/../lib/gcc/arm-none-eabi/4.9.3/../../../../arm-none-eabi/lib/armv7-m\libc_nano.a(lib_a-memcpy.o)
 .bss           0x00000000        0x0 c:/siliconlabs/simplicitystudio/v4/developer/toolchains/gnu_arm/4.9_2015q3/bin/../lib/gcc/arm-none-eabi/4.9.3/../../../../arm-none-eabi/lib/armv7-m\libc_nano.a(lib_a-memcpy.o)
 .text.memcpy   0x00000000       0x16 c:/siliconlabs/simplicitystudio/v4/developer/toolchains/gnu_arm/4.9_2015q3/bin/../lib/gcc/arm-none-eabi/4.9.3/../../../../arm-none-eabi/lib/armv7-m\libc_nano.a(lib_a-memcpy.o)
 .debug_frame   0x00000000       0x28 c:/siliconlabs/simplicitystudio/v4/developer/toolchains/gnu_arm/4.9_2015q3/bin/../lib/gcc/arm-none-eabi/4.9.3/../../../../arm-none-eabi/lib/armv7-m\libc_nano.a(lib_a-memcpy.o)
 .ARM.attributes
                0x00000000       0x2d c:/siliconlabs/simplicitystudio/v4/developer/toolchains/gnu_arm/4.9_2015q3/bin/../lib/gcc/arm-none-eabi/4.9.3/../../../../arm-none-eabi/lib/armv7-m\libc_nano.a(lib_a-memcpy.o)
 .text          0x00000000        0x0 c:/siliconlabs/simplicitystudio/v4/developer/toolchains/gnu_arm/4.9_2015q3/bin/../lib/gcc/arm-none-eabi/4.9.3/../../../../arm-none-eabi/lib/armv7-m\libc_nano.a(lib_a-memset.o)
 .data          0x00000000        0x0 c:/siliconlabs/simplicitystudio/v4/developer/toolchains/gnu_arm/4.9_2015q3/bin/../lib/gcc/arm-none-eabi/4.9.3/../../../../arm-none-eabi/lib/armv7-m\libc_nano.a(lib_a-memset.o)
 .bss           0x00000000        0x0 c:/siliconlabs/simplicitystudio/v4/developer/toolchains/gnu_arm/4.9_2015q3/bin/../lib/gcc/arm-none-eabi/4.9.3/../../../../arm-none-eabi/lib/armv7-m\libc_nano.a(lib_a-memset.o)
 .text          0x00000000        0x0 c:/siliconlabs/simplicitystudio/v4/developer/toolchains/gnu_arm/4.9_2015q3/bin/../lib/gcc/arm-none-eabi/4.9.3/../../../../arm-none-eabi/lib/armv7-m\libc_nano.a(lib_a-strlen.o)
 .data          0x00000000        0x0 c:/siliconlabs/simplicitystudio/v4/developer/toolchains/gnu_arm/4.9_2015q3/bin/../lib/gcc/arm-none-eabi/4.9.3/../../../../arm-none-eabi/lib/armv7-m\libc_nano.a(lib_a-strlen.o)
 .bss           0x00000000        0x0 c:/siliconlabs/simplicitystudio/v4/developer/toolchains/gnu_arm/4.9_2015q3/bin/../lib/gcc/arm-none-eabi/4.9.3/../../../../arm-none-eabi/lib/armv7-m\libc_nano.a(lib_a-strlen.o)
 .text.strlen   0x00000000       0x10 c:/siliconlabs/simplicitystudio/v4/developer/toolchains/gnu_arm/4.9_2015q3/bin/../lib/gcc/arm-none-eabi/4.9.3/../../../../arm-none-eabi/lib/armv7-m\libc_nano.a(lib_a-strlen.o)
 .debug_frame   0x00000000       0x20 c:/siliconlabs/simplicitystudio/v4/developer/toolchains/gnu_arm/4.9_2015q3/bin/../lib/gcc/arm-none-eabi/4.9.3/../../../../arm-none-eabi/lib/armv7-m\libc_nano.a(lib_a-strlen.o)
 .ARM.attributes
                0x00000000       0x2d c:/siliconlabs/simplicitystudio/v4/developer/toolchains/gnu_arm/4.9_2015q3/bin/../lib/gcc/arm-none-eabi/4.9.3/../../../../arm-none-eabi/lib/armv7-m\libc_nano.a(lib_a-strlen.o)
 .text          0x00000000        0x0 c:/siliconlabs/simplicitystudio/v4/developer/toolchains/gnu_arm/4.9_2015q3/bin/../lib/gcc/arm-none-eabi/4.9.3/../../../../arm-none-eabi/lib/armv7-m\libnosys.a(_exit.o)
 .data          0x00000000        0x0 c:/siliconlabs/simplicitystudio/v4/developer/toolchains/gnu_arm/4.9_2015q3/bin/../lib/gcc/arm-none-eabi/4.9.3/../../../../arm-none-eabi/lib/armv7-m\libnosys.a(_exit.o)
 .bss           0x00000000        0x0 c:/siliconlabs/simplicitystudio/v4/developer/toolchains/gnu_arm/4.9_2015q3/bin/../lib/gcc/arm-none-eabi/4.9.3/../../../../arm-none-eabi/lib/armv7-m\libnosys.a(_exit.o)
 .text          0x00000000        0x0 c:/siliconlabs/simplicitystudio/v4/developer/toolchains/gnu_arm/4.9_2015q3/bin/../lib/gcc/arm-none-eabi/4.9.3/armv7-m/crtend.o
 .data          0x00000000        0x0 c:/siliconlabs/simplicitystudio/v4/developer/toolchains/gnu_arm/4.9_2015q3/bin/../lib/gcc/arm-none-eabi/4.9.3/armv7-m/crtend.o
 .bss           0x00000000        0x0 c:/siliconlabs/simplicitystudio/v4/developer/toolchains/gnu_arm/4.9_2015q3/bin/../lib/gcc/arm-none-eabi/4.9.3/armv7-m/crtend.o
 .text          0x00000000        0x0 c:/siliconlabs/simplicitystudio/v4/developer/toolchains/gnu_arm/4.9_2015q3/bin/../lib/gcc/arm-none-eabi/4.9.3/armv7-m/crtn.o
 .data          0x00000000        0x0 c:/siliconlabs/simplicitystudio/v4/developer/toolchains/gnu_arm/4.9_2015q3/bin/../lib/gcc/arm-none-eabi/4.9.3/armv7-m/crtn.o
 .bss           0x00000000        0x0 c:/siliconlabs/simplicitystudio/v4/developer/toolchains/gnu_arm/4.9_2015q3/bin/../lib/gcc/arm-none-eabi/4.9.3/armv7-m/crtn.o

Memory Configuration

Name             Origin             Length             Attributes
FLASH            0x00000000         0x00100000         xr
RAM              0x20000000         0x00020000         xrw
*default*        0x00000000         0xffffffff

Linker script and memory map

LOAD c:/siliconlabs/simplicitystudio/v4/developer/toolchains/gnu_arm/4.9_2015q3/bin/../lib/gcc/arm-none-eabi/4.9.3/armv7-m/crti.o
LOAD c:/siliconlabs/simplicitystudio/v4/developer/toolchains/gnu_arm/4.9_2015q3/bin/../lib/gcc/arm-none-eabi/4.9.3/armv7-m/crtbegin.o
LOAD c:/siliconlabs/simplicitystudio/v4/developer/toolchains/gnu_arm/4.9_2015q3/bin/../lib/gcc/arm-none-eabi/4.9.3/../../../../arm-none-eabi/lib/armv7-m/crt0.o
LOAD build/system_efm32gg.o
LOAD build/vddcheck.o
LOAD build/segmentlcd.o
LOAD build/em_assert.o
LOAD build/em_cmu.o
LOAD build/em_emu.o
LOAD build/em_gpio.o
LOAD build/em_rtc.o
LOAD build/em_system.o
LOAD build/em_lcd.o
LOAD build/em_vcmp.o
LOAD build/em_usart.o
LOAD build/bsp_stk.o
LOAD build/bsp_stk_leds.o
LOAD build/bsp_trace.o
LOAD build/init.o
LOAD build/startup_efm32gg.o
LOAD build/o1.o
LOAD build/gpio_constants.o
LOAD build/sys-tick_constants.o
START GROUP
LOAD c:/siliconlabs/simplicitystudio/v4/developer/toolchains/gnu_arm/4.9_2015q3/bin/../lib/gcc/arm-none-eabi/4.9.3/armv7-m\libgcc.a
LOAD c:/siliconlabs/simplicitystudio/v4/developer/toolchains/gnu_arm/4.9_2015q3/bin/../lib/gcc/arm-none-eabi/4.9.3/../../../../arm-none-eabi/lib/armv7-m\libc_nano.a
LOAD c:/siliconlabs/simplicitystudio/v4/developer/toolchains/gnu_arm/4.9_2015q3/bin/../lib/gcc/arm-none-eabi/4.9.3/../../../../arm-none-eabi/lib/armv7-m\libnosys.a
END GROUP
START GROUP
LOAD c:/siliconlabs/simplicitystudio/v4/developer/toolchains/gnu_arm/4.9_2015q3/bin/../lib/gcc/arm-none-eabi/4.9.3/armv7-m\libgcc.a
LOAD c:/siliconlabs/simplicitystudio/v4/developer/toolchains/gnu_arm/4.9_2015q3/bin/../lib/gcc/arm-none-eabi/4.9.3/../../../../arm-none-eabi/lib/armv7-m\libc_nano.a
END GROUP
START GROUP
LOAD c:/siliconlabs/simplicitystudio/v4/developer/toolchains/gnu_arm/4.9_2015q3/bin/../lib/gcc/arm-none-eabi/4.9.3/armv7-m\libgcc.a
LOAD c:/siliconlabs/simplicitystudio/v4/developer/toolchains/gnu_arm/4.9_2015q3/bin/../lib/gcc/arm-none-eabi/4.9.3/../../../../arm-none-eabi/lib/armv7-m\libc_nano.a
END GROUP
LOAD c:/siliconlabs/simplicitystudio/v4/developer/toolchains/gnu_arm/4.9_2015q3/bin/../lib/gcc/arm-none-eabi/4.9.3/armv7-m/crtend.o
LOAD c:/siliconlabs/simplicitystudio/v4/developer/toolchains/gnu_arm/4.9_2015q3/bin/../lib/gcc/arm-none-eabi/4.9.3/armv7-m/crtn.o

.text           0x00000000     0x1134
 *(.vectors)
 .vectors       0x00000000       0xdc build/startup_efm32gg.o
                0x00000000                __Vectors
                0x000000dc                __Vectors_End = .
                0x000000dc                __Vectors_Size = (__Vectors_End - __Vectors)
                0x000000dc                __end__ = .
 *(.text*)
 .text          0x000000dc       0x5c c:/siliconlabs/simplicitystudio/v4/developer/toolchains/gnu_arm/4.9_2015q3/bin/../lib/gcc/arm-none-eabi/4.9.3/armv7-m/crtbegin.o
 .text          0x00000138       0x74 c:/siliconlabs/simplicitystudio/v4/developer/toolchains/gnu_arm/4.9_2015q3/bin/../lib/gcc/arm-none-eabi/4.9.3/../../../../arm-none-eabi/lib/armv7-m/crt0.o
                0x00000138                _start
                0x00000138                _mainCRTStartup
 .text.GetProdRev
                0x000001ac       0x10 build/system_efm32gg.o
 .text.SystemCoreClockGet
                0x000001bc       0x34 build/system_efm32gg.o
                0x000001bc                SystemCoreClockGet
 .text.SystemHFClockGet
                0x000001f0      0x100 build/system_efm32gg.o
                0x000001f0                SystemHFClockGet
 .text.SystemInit
                0x000002f0        0x4 build/system_efm32gg.o
                0x000002f0                SystemInit
 .text.SystemLFRCOClockGet
                0x000002f4        0x8 build/system_efm32gg.o
                0x000002f4                SystemLFRCOClockGet
 .text.SystemULFRCOClockGet
                0x000002fc        0x8 build/system_efm32gg.o
                0x000002fc                SystemULFRCOClockGet
 .text.SystemLFXOClockGet
                0x00000304        0xc build/system_efm32gg.o
                0x00000304                SystemLFXOClockGet
 .text.assertEFM
                0x00000310        0x8 build/em_assert.o
                0x00000310                assertEFM
 .text.BUS_RegBitWrite
                0x00000318       0x24 build/em_cmu.o
 .text.BUS_RegBitRead
                0x0000033c       0x20 build/em_cmu.o
 .text.CMU_DivToLog2
                0x0000035c       0x38 build/em_cmu.o
 .text.SYSTEM_GetProdRev
                0x00000394       0x10 build/em_cmu.o
 .text.SYSTEM_GetFamily
                0x000003a4       0x14 build/em_cmu.o
 .text.maxFreqHfle
                0x000003b8       0x8c build/em_cmu.o
 .text.setHfLeConfig
                0x00000444       0x3c build/em_cmu.o
 .text.getHfLeConfig
                0x00000480       0x40 build/em_cmu.o
 .text.auxClkGet
                0x000004c0       0xbc build/em_cmu.o
 .text.dbgClkGet
                0x0000057c       0x50 build/em_cmu.o
 .text.lfClkGet
                0x000005cc      0x10c build/em_cmu.o
 .text.syncReg  0x000006d8       0x28 build/em_cmu.o
 .text.usbCClkGet
                0x00000700       0x4c build/em_cmu.o
 .text.CMU_ClockEnable
                0x0000074c       0xe4 build/em_cmu.o
                0x0000074c                CMU_ClockEnable
 .text.CMU_ClockFreqGet
                0x00000830      0x1e0 build/em_cmu.o
                0x00000830                CMU_ClockFreqGet
 .text.CMU_ClockSelectGet
                0x00000a10      0x190 build/em_cmu.o
                0x00000a10                CMU_ClockSelectGet
 .text.GPIO_PinOutClear
                0x00000ba0       0xa4 build/em_gpio.o
 .text.GPIO_PinOutSet
                0x00000c44       0xa4 build/em_gpio.o
 .text.GPIO_PinModeSet
                0x00000ce8      0x174 build/em_gpio.o
                0x00000ce8                GPIO_PinModeSet
 .text.SYSTEM_ChipRevisionGet
                0x00000e5c       0x90 build/em_system.o
                0x00000e5c                SYSTEM_ChipRevisionGet
 .text.CHIP_Init
                0x00000eec       0x40 build/init.o
 .text.main     0x00000f2c       0x34 build/init.o
                0x00000f2c                main
 .text          0x00000f60       0x30 build/startup_efm32gg.o
                0x00000f60                Reset_Handler
                0x00000f8c                DebugMon_Handler
                0x00000f8c                USART0_TX_IRQHandler
                0x00000f8c                I2C0_IRQHandler
                0x00000f8c                HardFault_Handler
                0x00000f8c                LEUART1_IRQHandler
                0x00000f8c                SysTick_Handler
                0x00000f8c                USART1_RX_IRQHandler
                0x00000f8c                PendSV_Handler
                0x00000f8c                NMI_Handler
                0x00000f8c                I2C1_IRQHandler
                0x00000f8c                TIMER3_IRQHandler
                0x00000f8c                USART1_TX_IRQHandler
                0x00000f8c                MSC_IRQHandler
                0x00000f8c                ADC0_IRQHandler
                0x00000f8c                UsageFault_Handler
                0x00000f8c                LEUART0_IRQHandler
                0x00000f8c                GPIO_EVEN_IRQHandler
                0x00000f8c                UART0_TX_IRQHandler
                0x00000f8c                UART1_TX_IRQHandler
                0x00000f8c                RTC_IRQHandler
                0x00000f8c                TIMER0_IRQHandler
                0x00000f8c                TIMER2_IRQHandler
                0x00000f8c                LCD_IRQHandler
                0x00000f8c                PCNT2_IRQHandler
                0x00000f8c                UART0_RX_IRQHandler
                0x00000f8c                LETIMER0_IRQHandler
                0x00000f8c                TIMER1_IRQHandler
                0x00000f8c                USART2_RX_IRQHandler
                0x00000f8c                Default_Handler
                0x00000f8c                EMU_IRQHandler
                0x00000f8c                PCNT0_IRQHandler
                0x00000f8c                USB_IRQHandler
                0x00000f8c                BURTC_IRQHandler
                0x00000f8c                PCNT1_IRQHandler
                0x00000f8c                ACMP0_IRQHandler
                0x00000f8c                USART0_RX_IRQHandler
                0x00000f8c                MemManage_Handler
                0x00000f8c                SVC_Handler
                0x00000f8c                DAC0_IRQHandler
                0x00000f8c                UART1_RX_IRQHandler
                0x00000f8c                CMU_IRQHandler
                0x00000f8c                EBI_IRQHandler
                0x00000f8c                LESENSE_IRQHandler
                0x00000f8c                GPIO_ODD_IRQHandler
                0x00000f8c                AES_IRQHandler
                0x00000f8c                VCMP_IRQHandler
                0x00000f8c                DMA_IRQHandler
                0x00000f8c                BusFault_Handler
                0x00000f8c                USART2_TX_IRQHandler
 .text          0x00000f90       0x58 build/o1.o
                0x00000f90                Start
 .text.exit     0x00000fe8       0x28 c:/siliconlabs/simplicitystudio/v4/developer/toolchains/gnu_arm/4.9_2015q3/bin/../lib/gcc/arm-none-eabi/4.9.3/../../../../arm-none-eabi/lib/armv7-m\libc_nano.a(lib_a-exit.o)
                0x00000fe8                exit
 .text.__libc_init_array
                0x00001010       0x4c c:/siliconlabs/simplicitystudio/v4/developer/toolchains/gnu_arm/4.9_2015q3/bin/../lib/gcc/arm-none-eabi/4.9.3/../../../../arm-none-eabi/lib/armv7-m\libc_nano.a(lib_a-init.o)
                0x00001010                __libc_init_array
 .text.memset   0x0000105c       0x10 c:/siliconlabs/simplicitystudio/v4/developer/toolchains/gnu_arm/4.9_2015q3/bin/../lib/gcc/arm-none-eabi/4.9.3/../../../../arm-none-eabi/lib/armv7-m\libc_nano.a(lib_a-memset.o)
                0x0000105c                memset
 .text._exit    0x0000106c        0x4 c:/siliconlabs/simplicitystudio/v4/developer/toolchains/gnu_arm/4.9_2015q3/bin/../lib/gcc/arm-none-eabi/4.9.3/../../../../arm-none-eabi/lib/armv7-m\libnosys.a(_exit.o)
                0x0000106c                _exit
 *(.init)
 .init          0x00001070        0x4 c:/siliconlabs/simplicitystudio/v4/developer/toolchains/gnu_arm/4.9_2015q3/bin/../lib/gcc/arm-none-eabi/4.9.3/armv7-m/crti.o
                0x00001070                _init
 .init          0x00001074        0x8 c:/siliconlabs/simplicitystudio/v4/developer/toolchains/gnu_arm/4.9_2015q3/bin/../lib/gcc/arm-none-eabi/4.9.3/armv7-m/crtn.o
 *(.fini)
 .fini          0x0000107c        0x4 c:/siliconlabs/simplicitystudio/v4/developer/toolchains/gnu_arm/4.9_2015q3/bin/../lib/gcc/arm-none-eabi/4.9.3/armv7-m/crti.o
                0x0000107c                _fini
 .fini          0x00001080        0x8 c:/siliconlabs/simplicitystudio/v4/developer/toolchains/gnu_arm/4.9_2015q3/bin/../lib/gcc/arm-none-eabi/4.9.3/armv7-m/crtn.o
 *crtbegin.o(.ctors)
 *crtbegin?.o(.ctors)
 *(EXCLUDE_FILE(*crtend.o *crtend?.o) .ctors)
 *(SORT(.ctors.*))
 *(.ctors)
 *crtbegin.o(.dtors)
 *crtbegin?.o(.dtors)
 *(EXCLUDE_FILE(*crtend.o *crtend?.o) .dtors)
 *(SORT(.dtors.*))
 *(.dtors)
 *(.rodata*)
 .rodata        0x00001088       0x40 build/em_cmu.o
 .rodata        0x000010c8       0x40 build/em_gpio.o
 .rodata        0x00001108       0x20 build/em_system.o
 .rodata.str1.1
                0x00001128        0x2 c:/siliconlabs/simplicitystudio/v4/developer/toolchains/gnu_arm/4.9_2015q3/bin/../lib/gcc/arm-none-eabi/4.9.3/../../../../arm-none-eabi/lib/armv7-m\libc_nano.a(lib_a-impure.o)
 *fill*         0x0000112a        0x2 
 .rodata._global_impure_ptr
                0x0000112c        0x4 c:/siliconlabs/simplicitystudio/v4/developer/toolchains/gnu_arm/4.9_2015q3/bin/../lib/gcc/arm-none-eabi/4.9.3/../../../../arm-none-eabi/lib/armv7-m\libc_nano.a(lib_a-impure.o)
                0x0000112c                _global_impure_ptr
 *(.eh_frame*)
 .eh_frame      0x00001130        0x0 c:/siliconlabs/simplicitystudio/v4/developer/toolchains/gnu_arm/4.9_2015q3/bin/../lib/gcc/arm-none-eabi/4.9.3/armv7-m/crtbegin.o
 .eh_frame      0x00001130        0x4 c:/siliconlabs/simplicitystudio/v4/developer/toolchains/gnu_arm/4.9_2015q3/bin/../lib/gcc/arm-none-eabi/4.9.3/armv7-m/crtend.o

.glue_7         0x00001134        0x0
 .glue_7        0x00000000        0x0 linker stubs

.glue_7t        0x00001134        0x0
 .glue_7t       0x00000000        0x0 linker stubs

.vfp11_veneer   0x00001134        0x0
 .vfp11_veneer  0x00000000        0x0 linker stubs

.v4_bx          0x00001134        0x0
 .v4_bx         0x00000000        0x0 linker stubs

.iplt           0x00001134        0x0
 .iplt          0x00000000        0x0 c:/siliconlabs/simplicitystudio/v4/developer/toolchains/gnu_arm/4.9_2015q3/bin/../lib/gcc/arm-none-eabi/4.9.3/armv7-m/crtbegin.o

.ARM.extab
 *(.ARM.extab* .gnu.linkonce.armextab.*)
                0x00001134                __exidx_start = .

.ARM.exidx      0x00001134        0x8
 *(.ARM.exidx* .gnu.linkonce.armexidx.*)
 .ARM.exidx     0x00001134        0x8 c:/siliconlabs/simplicitystudio/v4/developer/toolchains/gnu_arm/4.9_2015q3/bin/../lib/gcc/arm-none-eabi/4.9.3/../../../../arm-none-eabi/lib/armv7-m/crt0.o
                0x0000113c                __exidx_end = .
                0x0000113c                __etext = .

.rel.dyn        0x0000113c        0x0
 .rel.iplt      0x00000000        0x0 c:/siliconlabs/simplicitystudio/v4/developer/toolchains/gnu_arm/4.9_2015q3/bin/../lib/gcc/arm-none-eabi/4.9.3/armv7-m/crtbegin.o

.data           0x20000000       0x74 load address 0x0000113c
                0x20000000                __data_start__ = .
 *(vtable)
 *(.data*)
 .data.SystemHFXOClock
                0x20000000        0x4 build/system_efm32gg.o
 .data.SystemLFXOClock
                0x20000004        0x4 build/system_efm32gg.o
 .data.impure_data
                0x20000008       0x60 c:/siliconlabs/simplicitystudio/v4/developer/toolchains/gnu_arm/4.9_2015q3/bin/../lib/gcc/arm-none-eabi/4.9.3/../../../../arm-none-eabi/lib/armv7-m\libc_nano.a(lib_a-impure.o)
                0x20000068                . = ALIGN (0x4)
 *(.ram)
                0x20000068                . = ALIGN (0x4)
                0x20000068                PROVIDE (__preinit_array_start, .)
 *(.preinit_array)
                0x20000068                PROVIDE (__preinit_array_end, .)
                0x20000068                . = ALIGN (0x4)
                0x20000068                PROVIDE (__init_array_start, .)
 *(SORT(.init_array.*))
 *(.init_array)
 .init_array    0x20000068        0x4 c:/siliconlabs/simplicitystudio/v4/developer/toolchains/gnu_arm/4.9_2015q3/bin/../lib/gcc/arm-none-eabi/4.9.3/armv7-m/crtbegin.o
                0x2000006c                PROVIDE (__init_array_end, .)
                0x2000006c                . = ALIGN (0x4)
                0x2000006c                PROVIDE (__fini_array_start, .)
 *(SORT(.fini_array.*))
 *(.fini_array)
 .fini_array    0x2000006c        0x4 c:/siliconlabs/simplicitystudio/v4/developer/toolchains/gnu_arm/4.9_2015q3/bin/../lib/gcc/arm-none-eabi/4.9.3/armv7-m/crtbegin.o
                0x20000070                PROVIDE (__fini_array_end, .)
 *(.jcr*)
 .jcr           0x20000070        0x0 c:/siliconlabs/simplicitystudio/v4/developer/toolchains/gnu_arm/4.9_2015q3/bin/../lib/gcc/arm-none-eabi/4.9.3/armv7-m/crtbegin.o
 .jcr           0x20000070        0x4 c:/siliconlabs/simplicitystudio/v4/developer/toolchains/gnu_arm/4.9_2015q3/bin/../lib/gcc/arm-none-eabi/4.9.3/armv7-m/crtend.o
                0x20000074                . = ALIGN (0x4)
                0x20000074                __data_end__ = .

.igot.plt       0x20000074        0x0 load address 0x000011b0
 .igot.plt      0x00000000        0x0 c:/siliconlabs/simplicitystudio/v4/developer/toolchains/gnu_arm/4.9_2015q3/bin/../lib/gcc/arm-none-eabi/4.9.3/armv7-m/crtbegin.o

.bss            0x20000074       0x20 load address 0x000011b0
                0x20000074                . = ALIGN (0x4)
                0x20000074                __bss_start__ = .
 *(.bss*)
 .bss           0x20000074       0x1c c:/siliconlabs/simplicitystudio/v4/developer/toolchains/gnu_arm/4.9_2015q3/bin/../lib/gcc/arm-none-eabi/4.9.3/armv7-m/crtbegin.o
 *(COMMON)
 COMMON         0x20000090        0x4 build/system_efm32gg.o
                0x20000090                SystemCoreClock
                0x20000094                . = ALIGN (0x4)
                0x20000094                __bss_end__ = .

.heap           0x20000098      0xc00
                0x20000098                __HeapBase = .
                0x20000098                __end__ = .
                0x20000098                end = __end__
                0x20000098                _end = __end__
 *(.heap*)
 .heap          0x20000098      0xc00 build/startup_efm32gg.o
                0x20000c98                __HeapLimit = .

.stack_dummy    0x20000098      0x400
 *(.stack*)
 .stack         0x20000098      0x400 build/startup_efm32gg.o
                0x20020000                __StackTop = (ORIGIN (RAM) + 0x20000)
                0x2001fc00                __StackLimit = (__StackTop - SIZEOF (.stack_dummy))
                0x20020000                PROVIDE (__stack, __StackTop)
                0x00000001                ASSERT ((__StackLimit >= __HeapLimit), region RAM overflowed with stack)
                0x00000001                ASSERT ((0x100000 >= (__etext + SIZEOF (.data))), FLASH memory overflowed !)
OUTPUT(exe/o1.out elf32-littlearm)

.ARM.attributes
                0x00000000       0x29
 .ARM.attributes
                0x00000000       0x1d c:/siliconlabs/simplicitystudio/v4/developer/toolchains/gnu_arm/4.9_2015q3/bin/../lib/gcc/arm-none-eabi/4.9.3/armv7-m/crti.o
 .ARM.attributes
                0x0000001d       0x2d c:/siliconlabs/simplicitystudio/v4/developer/toolchains/gnu_arm/4.9_2015q3/bin/../lib/gcc/arm-none-eabi/4.9.3/armv7-m/crtbegin.o
 .ARM.attributes
                0x0000004a       0x1b c:/siliconlabs/simplicitystudio/v4/developer/toolchains/gnu_arm/4.9_2015q3/bin/../lib/gcc/arm-none-eabi/4.9.3/../../../../arm-none-eabi/lib/armv7-m/crt0.o
 .ARM.attributes
                0x00000065       0x33 build/system_efm32gg.o
 .ARM.attributes
                0x00000098       0x33 build/em_assert.o
 .ARM.attributes
                0x000000cb       0x33 build/em_cmu.o
 .ARM.attributes
                0x000000fe       0x33 build/em_gpio.o
 .ARM.attributes
                0x00000131       0x33 build/em_system.o
 .ARM.attributes
                0x00000164       0x33 build/init.o
 .ARM.attributes
                0x00000197       0x1b build/startup_efm32gg.o
 .ARM.attributes
                0x000001b2       0x21 build/o1.o
 .ARM.attributes
                0x000001d3       0x2d c:/siliconlabs/simplicitystudio/v4/developer/toolchains/gnu_arm/4.9_2015q3/bin/../lib/gcc/arm-none-eabi/4.9.3/../../../../arm-none-eabi/lib/armv7-m\libc_nano.a(lib_a-exit.o)
 .ARM.attributes
                0x00000200       0x2d c:/siliconlabs/simplicitystudio/v4/developer/toolchains/gnu_arm/4.9_2015q3/bin/../lib/gcc/arm-none-eabi/4.9.3/../../../../arm-none-eabi/lib/armv7-m\libc_nano.a(lib_a-impure.o)
 .ARM.attributes
                0x0000022d       0x2d c:/siliconlabs/simplicitystudio/v4/developer/toolchains/gnu_arm/4.9_2015q3/bin/../lib/gcc/arm-none-eabi/4.9.3/../../../../arm-none-eabi/lib/armv7-m\libc_nano.a(lib_a-init.o)
 .ARM.attributes
                0x0000025a       0x2d c:/siliconlabs/simplicitystudio/v4/developer/toolchains/gnu_arm/4.9_2015q3/bin/../lib/gcc/arm-none-eabi/4.9.3/../../../../arm-none-eabi/lib/armv7-m\libc_nano.a(lib_a-memset.o)
 .ARM.attributes
                0x00000287       0x2d c:/siliconlabs/simplicitystudio/v4/developer/toolchains/gnu_arm/4.9_2015q3/bin/../lib/gcc/arm-none-eabi/4.9.3/../../../../arm-none-eabi/lib/armv7-m\libnosys.a(_exit.o)
 .ARM.attributes
                0x000002b4       0x2d c:/siliconlabs/simplicitystudio/v4/developer/toolchains/gnu_arm/4.9_2015q3/bin/../lib/gcc/arm-none-eabi/4.9.3/armv7-m/crtend.o
 .ARM.attributes
                0x000002e1       0x1d c:/siliconlabs/simplicitystudio/v4/developer/toolchains/gnu_arm/4.9_2015q3/bin/../lib/gcc/arm-none-eabi/4.9.3/armv7-m/crtn.o

.comment        0x00000000       0x38
 .comment       0x00000000       0x38 build/system_efm32gg.o
                                 0x39 (size before relaxing)
 .comment       0x00000000       0x39 build/em_assert.o
 .comment       0x00000000       0x39 build/em_cmu.o
 .comment       0x00000000       0x39 build/em_gpio.o
 .comment       0x00000000       0x39 build/em_system.o
 .comment       0x00000000       0x39 build/init.o

.debug_frame    0x00000000       0x94
 .debug_frame   0x00000000       0x28 c:/siliconlabs/simplicitystudio/v4/developer/toolchains/gnu_arm/4.9_2015q3/bin/../lib/gcc/arm-none-eabi/4.9.3/../../../../arm-none-eabi/lib/armv7-m\libc_nano.a(lib_a-exit.o)
 .debug_frame   0x00000028       0x2c c:/siliconlabs/simplicitystudio/v4/developer/toolchains/gnu_arm/4.9_2015q3/bin/../lib/gcc/arm-none-eabi/4.9.3/../../../../arm-none-eabi/lib/armv7-m\libc_nano.a(lib_a-init.o)
 .debug_frame   0x00000054       0x20 c:/siliconlabs/simplicitystudio/v4/developer/toolchains/gnu_arm/4.9_2015q3/bin/../lib/gcc/arm-none-eabi/4.9.3/../../../../arm-none-eabi/lib/armv7-m\libc_nano.a(lib_a-memset.o)
 .debug_frame   0x00000074       0x20 c:/siliconlabs/simplicitystudio/v4/developer/toolchains/gnu_arm/4.9_2015q3/bin/../lib/gcc/arm-none-eabi/4.9.3/../../../../arm-none-eabi/lib/armv7-m\libnosys.a(_exit.o)
